Archive member included to satisfy reference by file (symbol)

e:/program files (x86)/atmel/studio/7.0/toolchain/avr8/avr8-gnu-toolchain/bin/../lib/gcc/avr/4.9.2/avr51\libgcc.a(_exit.o)
                              E:/Program Files (x86)/Atmel/Studio/7.0/Packs/atmel/ATmega_DFP/1.0.106/gcc/dev/atmega1284/avr51/crtatmega1284.o (exit)
e:/program files (x86)/atmel/studio/7.0/toolchain/avr8/avr8-gnu-toolchain/bin/../lib/gcc/avr/4.9.2/avr51\libgcc.a(_copy_data.o)
                              main.o (__do_copy_data)
e:/program files (x86)/atmel/studio/7.0/toolchain/avr8/avr8-gnu-toolchain/bin/../lib/gcc/avr/4.9.2/avr51\libgcc.a(_clear_bss.o)
                              croutine.o (__do_clear_bss)
e:/program files (x86)/atmel/studio/7.0/toolchain/avr8/avr8-gnu-toolchain/bin/../lib/gcc/avr/4.9.2/../../../../avr/lib/avr51\libc.a(atoi.o)
                              main.o (atoi)
e:/program files (x86)/atmel/studio/7.0/toolchain/avr8/avr8-gnu-toolchain/bin/../lib/gcc/avr/4.9.2/../../../../avr/lib/avr51\libc.a(memcpy.o)
                              queue.o (memcpy)
e:/program files (x86)/atmel/studio/7.0/toolchain/avr8/avr8-gnu-toolchain/bin/../lib/gcc/avr/4.9.2/../../../../avr/lib/avr51\libc.a(memset.o)
                              tasks.o (memset)
e:/program files (x86)/atmel/studio/7.0/toolchain/avr8/avr8-gnu-toolchain/bin/../lib/gcc/avr/4.9.2/../../../../avr/lib/avr51\libc.a(strncpy.o)
                              tasks.o (strncpy)
e:/program files (x86)/atmel/studio/7.0/toolchain/avr8/avr8-gnu-toolchain/bin/../lib/gcc/avr/4.9.2/../../../../avr/lib/avr51\libc.a(mul10.o)
                              e:/program files (x86)/atmel/studio/7.0/toolchain/avr8/avr8-gnu-toolchain/bin/../lib/gcc/avr/4.9.2/../../../../avr/lib/avr51\libc.a(atoi.o) (__mulhi_const_10)
e:/program files (x86)/atmel/studio/7.0/toolchain/avr8/avr8-gnu-toolchain/bin/../lib/gcc/avr/4.9.2/../../../../avr/lib/avr51\libc.a(sprintf.o)
                              main.o (sprintf)
e:/program files (x86)/atmel/studio/7.0/toolchain/avr8/avr8-gnu-toolchain/bin/../lib/gcc/avr/4.9.2/../../../../avr/lib/avr51\libc.a(vfprintf_std.o)
                              e:/program files (x86)/atmel/studio/7.0/toolchain/avr8/avr8-gnu-toolchain/bin/../lib/gcc/avr/4.9.2/../../../../avr/lib/avr51\libc.a(sprintf.o) (vfprintf)
e:/program files (x86)/atmel/studio/7.0/toolchain/avr8/avr8-gnu-toolchain/bin/../lib/gcc/avr/4.9.2/../../../../avr/lib/avr51\libc.a(strnlen_P.o)
                              e:/program files (x86)/atmel/studio/7.0/toolchain/avr8/avr8-gnu-toolchain/bin/../lib/gcc/avr/4.9.2/../../../../avr/lib/avr51\libc.a(vfprintf_std.o) (strnlen_P)
e:/program files (x86)/atmel/studio/7.0/toolchain/avr8/avr8-gnu-toolchain/bin/../lib/gcc/avr/4.9.2/../../../../avr/lib/avr51\libc.a(strnlen.o)
                              e:/program files (x86)/atmel/studio/7.0/toolchain/avr8/avr8-gnu-toolchain/bin/../lib/gcc/avr/4.9.2/../../../../avr/lib/avr51\libc.a(vfprintf_std.o) (strnlen)
e:/program files (x86)/atmel/studio/7.0/toolchain/avr8/avr8-gnu-toolchain/bin/../lib/gcc/avr/4.9.2/../../../../avr/lib/avr51\libc.a(fputc.o)
                              e:/program files (x86)/atmel/studio/7.0/toolchain/avr8/avr8-gnu-toolchain/bin/../lib/gcc/avr/4.9.2/../../../../avr/lib/avr51\libc.a(vfprintf_std.o) (fputc)
e:/program files (x86)/atmel/studio/7.0/toolchain/avr8/avr8-gnu-toolchain/bin/../lib/gcc/avr/4.9.2/../../../../avr/lib/avr51\libc.a(ultoa_invert.o)
                              e:/program files (x86)/atmel/studio/7.0/toolchain/avr8/avr8-gnu-toolchain/bin/../lib/gcc/avr/4.9.2/../../../../avr/lib/avr51\libc.a(vfprintf_std.o) (__ultoa_invert)

Allocating common symbols
Common symbol       size              file

trns_i              0x1               main.o
button              0x1               main.o
button_state        0x1               main.o
timeDisplay         0xa               main.o
code_mode           0x1               main.o

Discarded input sections

 .data          0x00000000        0x0 E:/Program Files (x86)/Atmel/Studio/7.0/Packs/atmel/ATmega_DFP/1.0.106/gcc/dev/atmega1284/avr51/crtatmega1284.o
 .bss           0x00000000        0x0 E:/Program Files (x86)/Atmel/Studio/7.0/Packs/atmel/ATmega_DFP/1.0.106/gcc/dev/atmega1284/avr51/crtatmega1284.o
 .group         0x00000000        0x8 croutine.o
 .group         0x00000000        0x8 croutine.o
 .group         0x00000000        0x8 croutine.o
 .group         0x00000000        0x8 croutine.o
 .group         0x00000000        0x8 croutine.o
 .group         0x00000000        0x8 croutine.o
 .group         0x00000000        0x8 croutine.o
 .group         0x00000000        0x8 croutine.o
 .group         0x00000000        0x8 croutine.o
 .group         0x00000000        0x8 croutine.o
 .group         0x00000000        0x8 croutine.o
 .group         0x00000000        0x8 croutine.o
 .group         0x00000000        0x8 croutine.o
 .group         0x00000000        0x8 croutine.o
 .group         0x00000000        0x8 croutine.o
 .group         0x00000000        0x8 croutine.o
 .group         0x00000000        0x8 croutine.o
 .group         0x00000000        0x8 croutine.o
 .group         0x00000000        0x8 croutine.o
 .group         0x00000000        0x8 croutine.o
 .group         0x00000000        0x8 croutine.o
 .text          0x00000000        0x0 croutine.o
 .data          0x00000000        0x0 croutine.o
 .bss           0x00000000        0x0 croutine.o
 .text.xCoRoutineCreate
                0x00000000       0xf0 croutine.o
 .text.vCoRoutineAddToDelayedList
                0x00000000       0x86 croutine.o
 .text.vCoRoutineSchedule
                0x00000000      0x27a croutine.o
 .text.xCoRoutineRemoveFromEventList
                0x00000000       0x4a croutine.o
 .bss.xPassedTicks
                0x00000000        0x2 croutine.o
 .bss.xLastTickCount
                0x00000000        0x2 croutine.o
 .bss.xCoRoutineTickCount
                0x00000000        0x2 croutine.o
 .bss.uxTopCoRoutineReadyPriority
                0x00000000        0x1 croutine.o
 .bss.pxCurrentCoRoutine
                0x00000000        0x2 croutine.o
 .bss.xPendingReadyCoRoutineList
                0x00000000        0x9 croutine.o
 .bss.pxOverflowDelayedCoRoutineList
                0x00000000        0x2 croutine.o
 .bss.pxDelayedCoRoutineList
                0x00000000        0x2 croutine.o
 .bss.xDelayedCoRoutineList2
                0x00000000        0x9 croutine.o
 .bss.xDelayedCoRoutineList1
                0x00000000        0x9 croutine.o
 .bss.pxReadyCoRoutineLists
                0x00000000       0x12 croutine.o
 .debug_info    0x00000000      0x7c6 croutine.o
 .debug_abbrev  0x00000000      0x24c croutine.o
 .debug_loc     0x00000000      0x3eb croutine.o
 .debug_aranges
                0x00000000       0x38 croutine.o
 .debug_ranges  0x00000000       0x28 croutine.o
 .debug_macro   0x00000000      0x107 croutine.o
 .debug_macro   0x00000000      0xa66 croutine.o
 .debug_macro   0x00000000      0x166 croutine.o
 .debug_macro   0x00000000       0x46 croutine.o
 .debug_macro   0x00000000       0x10 croutine.o
 .debug_macro   0x00000000      0x1c9 croutine.o
 .debug_macro   0x00000000      0x2fc croutine.o
 .debug_macro   0x00000000       0x9e croutine.o
 .debug_macro   0x00000000     0x13f6 croutine.o
 .debug_macro   0x00000000      0x171 croutine.o
 .debug_macro   0x00000000       0xcb croutine.o
 .debug_macro   0x00000000       0x34 croutine.o
 .debug_macro   0x00000000       0x18 croutine.o
 .debug_macro   0x00000000       0x6c croutine.o
 .debug_macro   0x00000000       0x88 croutine.o
 .debug_macro   0x00000000       0x7f croutine.o
 .debug_macro   0x00000000       0x12 croutine.o
 .debug_macro   0x00000000       0x1f croutine.o
 .debug_macro   0x00000000      0x211 croutine.o
 .debug_macro   0x00000000       0x49 croutine.o
 .debug_macro   0x00000000       0x57 croutine.o
 .debug_macro   0x00000000       0x49 croutine.o
 .debug_line    0x00000000      0x570 croutine.o
 .debug_str     0x00000000     0x928f croutine.o
 .comment       0x00000000       0x31 croutine.o
 .debug_frame   0x00000000       0xc0 croutine.o
 .group         0x00000000        0x8 heap_1.o
 .group         0x00000000        0x8 heap_1.o
 .group         0x00000000        0x8 heap_1.o
 .group         0x00000000        0x8 heap_1.o
 .group         0x00000000        0x8 heap_1.o
 .group         0x00000000        0x8 heap_1.o
 .group         0x00000000        0x8 heap_1.o
 .group         0x00000000        0x8 heap_1.o
 .group         0x00000000        0x8 heap_1.o
 .group         0x00000000        0x8 heap_1.o
 .group         0x00000000        0x8 heap_1.o
 .group         0x00000000        0x8 heap_1.o
 .group         0x00000000        0x8 heap_1.o
 .group         0x00000000        0x8 heap_1.o
 .group         0x00000000        0x8 heap_1.o
 .group         0x00000000        0x8 heap_1.o
 .group         0x00000000        0x8 heap_1.o
 .group         0x00000000        0x8 heap_1.o
 .group         0x00000000        0x8 heap_1.o
 .group         0x00000000        0x8 heap_1.o
 .group         0x00000000        0x8 heap_1.o
 .group         0x00000000        0x8 heap_1.o
 .group         0x00000000        0x8 heap_1.o
 .text          0x00000000        0x0 heap_1.o
 .data          0x00000000        0x0 heap_1.o
 .bss           0x00000000        0x0 heap_1.o
 .text.vPortInitialiseBlocks
                0x00000000        0xa heap_1.o
 .text.xPortGetFreeHeapSize
                0x00000000       0x12 heap_1.o
 .debug_macro   0x00000000      0xa66 heap_1.o
 .debug_macro   0x00000000       0x46 heap_1.o
 .debug_macro   0x00000000       0x10 heap_1.o
 .debug_macro   0x00000000      0x1c9 heap_1.o
 .debug_macro   0x00000000      0x2fc heap_1.o
 .debug_macro   0x00000000       0x9e heap_1.o
 .debug_macro   0x00000000     0x13f6 heap_1.o
 .debug_macro   0x00000000      0x171 heap_1.o
 .debug_macro   0x00000000       0xcb heap_1.o
 .debug_macro   0x00000000       0x34 heap_1.o
 .debug_macro   0x00000000       0x18 heap_1.o
 .debug_macro   0x00000000       0x6c heap_1.o
 .debug_macro   0x00000000       0x88 heap_1.o
 .debug_macro   0x00000000       0x7f heap_1.o
 .debug_macro   0x00000000       0x12 heap_1.o
 .debug_macro   0x00000000       0x1f heap_1.o
 .debug_macro   0x00000000      0x211 heap_1.o
 .debug_macro   0x00000000       0x49 heap_1.o
 .debug_macro   0x00000000       0x57 heap_1.o
 .group         0x00000000        0x8 list.o
 .group         0x00000000        0x8 list.o
 .group         0x00000000        0x8 list.o
 .group         0x00000000        0x8 list.o
 .group         0x00000000        0x8 list.o
 .group         0x00000000        0x8 list.o
 .group         0x00000000        0x8 list.o
 .group         0x00000000        0x8 list.o
 .group         0x00000000        0x8 list.o
 .group         0x00000000        0x8 list.o
 .group         0x00000000        0x8 list.o
 .group         0x00000000        0x8 list.o
 .group         0x00000000        0x8 list.o
 .group         0x00000000        0x8 list.o
 .group         0x00000000        0x8 list.o
 .group         0x00000000        0x8 list.o
 .group         0x00000000        0x8 list.o
 .group         0x00000000        0x8 list.o
 .group         0x00000000        0x8 list.o
 .group         0x00000000        0x8 list.o
 .group         0x00000000        0x8 list.o
 .group         0x00000000        0x8 list.o
 .text          0x00000000        0x0 list.o
 .data          0x00000000        0x0 list.o
 .bss           0x00000000        0x0 list.o
 .debug_macro   0x00000000      0xa66 list.o
 .debug_macro   0x00000000       0x1c list.o
 .debug_macro   0x00000000      0x10e list.o
 .debug_macro   0x00000000       0x66 list.o
 .debug_macro   0x00000000       0x7f list.o
 .debug_macro   0x00000000       0x46 list.o
 .debug_macro   0x00000000       0x10 list.o
 .debug_macro   0x00000000      0x1c9 list.o
 .debug_macro   0x00000000      0x2fc list.o
 .debug_macro   0x00000000       0x9e list.o
 .debug_macro   0x00000000     0x13f6 list.o
 .debug_macro   0x00000000      0x171 list.o
 .debug_macro   0x00000000       0xcb list.o
 .debug_macro   0x00000000       0x34 list.o
 .debug_macro   0x00000000       0x18 list.o
 .debug_macro   0x00000000       0x6c list.o
 .debug_macro   0x00000000       0x88 list.o
 .debug_macro   0x00000000       0x7f list.o
 .debug_macro   0x00000000       0x12 list.o
 .debug_macro   0x00000000       0x1f list.o
 .debug_macro   0x00000000      0x211 list.o
 .debug_macro   0x00000000       0x49 list.o
 .group         0x00000000        0x8 main.o
 .group         0x00000000        0x8 main.o
 .group         0x00000000        0x8 main.o
 .group         0x00000000        0x8 main.o
 .group         0x00000000        0x8 main.o
 .group         0x00000000        0x8 main.o
 .group         0x00000000        0x8 main.o
 .group         0x00000000        0x8 main.o
 .group         0x00000000        0x8 main.o
 .group         0x00000000        0x8 main.o
 .group         0x00000000        0x8 main.o
 .group         0x00000000        0x8 main.o
 .group         0x00000000        0x8 main.o
 .group         0x00000000        0x8 main.o
 .group         0x00000000        0x8 main.o
 .group         0x00000000        0x8 main.o
 .group         0x00000000        0x8 main.o
 .group         0x00000000        0x8 main.o
 .group         0x00000000        0x8 main.o
 .group         0x00000000        0x8 main.o
 .group         0x00000000        0x8 main.o
 .group         0x00000000        0x8 main.o
 .group         0x00000000        0x8 main.o
 .group         0x00000000        0x8 main.o
 .group         0x00000000        0x8 main.o
 .group         0x00000000        0x8 main.o
 .group         0x00000000        0x8 main.o
 .group         0x00000000        0x8 main.o
 .group         0x00000000        0x8 main.o
 .group         0x00000000        0x8 main.o
 .group         0x00000000        0x8 main.o
 .group         0x00000000        0x8 main.o
 .group         0x00000000        0x8 main.o
 .group         0x00000000        0x8 main.o
 .group         0x00000000        0x8 main.o
 .group         0x00000000        0x8 main.o
 .group         0x00000000        0x8 main.o
 .group         0x00000000        0x8 main.o
 .group         0x00000000        0x8 main.o
 .text          0x00000000        0x0 main.o
 .data          0x00000000        0x0 main.o
 .bss           0x00000000        0x0 main.o
 .text.sr_init  0x00000000        0x6 main.o
 .text.transmit_data
                0x00000000       0x44 main.o
 .text.LCD_DisplayString
                0x00000000       0x38 main.o
 .text.USART_IsSendReady
                0x00000000       0x14 main.o
 .text.USART_HasTransmitted
                0x00000000       0x14 main.o
 .text.ClockPrint_Init
                0x00000000        0x2 main.o
 .debug_macro   0x00000000      0xa66 main.o
 .debug_macro   0x00000000      0x1c9 main.o
 .debug_macro   0x00000000       0x1c main.o
 .debug_macro   0x00000000      0x10e main.o
 .debug_macro   0x00000000       0x66 main.o
 .debug_macro   0x00000000     0x13f6 main.o
 .debug_macro   0x00000000      0x171 main.o
 .debug_macro   0x00000000       0xcb main.o
 .debug_macro   0x00000000       0x34 main.o
 .debug_macro   0x00000000       0x18 main.o
 .debug_macro   0x00000000       0x6c main.o
 .debug_macro   0x00000000       0x7f main.o
 .debug_macro   0x00000000       0x46 main.o
 .debug_macro   0x00000000       0x7f main.o
 .debug_macro   0x00000000       0x12 main.o
 .debug_macro   0x00000000       0x1f main.o
 .debug_macro   0x00000000      0x211 main.o
 .debug_macro   0x00000000       0x49 main.o
 .debug_macro   0x00000000       0x57 main.o
 .debug_macro   0x00000000       0x49 main.o
 .group         0x00000000        0x8 tasks.o
 .group         0x00000000        0x8 tasks.o
 .group         0x00000000        0x8 tasks.o
 .group         0x00000000        0x8 tasks.o
 .group         0x00000000        0x8 tasks.o
 .group         0x00000000        0x8 tasks.o
 .group         0x00000000        0x8 tasks.o
 .group         0x00000000        0x8 tasks.o
 .group         0x00000000        0x8 tasks.o
 .group         0x00000000        0x8 tasks.o
 .group         0x00000000        0x8 tasks.o
 .group         0x00000000        0x8 tasks.o
 .group         0x00000000        0x8 tasks.o
 .group         0x00000000        0x8 tasks.o
 .group         0x00000000        0x8 tasks.o
 .group         0x00000000        0x8 tasks.o
 .group         0x00000000        0x8 tasks.o
 .group         0x00000000        0x8 tasks.o
 .group         0x00000000        0x8 tasks.o
 .group         0x00000000        0x8 tasks.o
 .group         0x00000000        0x8 tasks.o
 .group         0x00000000        0x8 tasks.o
 .group         0x00000000        0x8 tasks.o
 .group         0x00000000        0x8 tasks.o
 .group         0x00000000        0x8 tasks.o
 .group         0x00000000        0x8 tasks.o
 .group         0x00000000        0x8 tasks.o
 .group         0x00000000        0x8 tasks.o
 .group         0x00000000        0x8 tasks.o
 .group         0x00000000        0x8 tasks.o
 .text          0x00000000        0x0 tasks.o
 .data          0x00000000        0x0 tasks.o
 .bss           0x00000000        0x0 tasks.o
 .text.vTaskDelete
                0x00000000       0x92 tasks.o
 .text.vTaskEndScheduler
                0x00000000        0xc tasks.o
 .text.xTaskGetTickCount
                0x00000000       0x14 tasks.o
 .text.xTaskGetTickCountFromISR
                0x00000000        0xa tasks.o
 .text.uxTaskGetNumberOfTasks
                0x00000000        0x6 tasks.o
 .text.vTaskDelayUntil
                0x00000000       0x94 tasks.o
 .text.vTaskPlaceOnEventList
                0x00000000       0x3c tasks.o
 .text.xTaskRemoveFromEventList
                0x00000000       0x8a tasks.o
 .text.vTaskSetTimeOutState
                0x00000000       0x16 tasks.o
 .text.xTaskCheckForTimeOut
                0x00000000       0x6e tasks.o
 .text.vTaskMissedYield
                0x00000000        0x8 tasks.o
 .debug_macro   0x00000000      0xa66 tasks.o
 .debug_macro   0x00000000      0x1c9 tasks.o
 .debug_macro   0x00000000      0x2fc tasks.o
 .debug_macro   0x00000000       0x58 tasks.o
 .debug_macro   0x00000000       0x10 tasks.o
 .debug_macro   0x00000000       0xf2 tasks.o
 .debug_macro   0x00000000       0x1c tasks.o
 .debug_macro   0x00000000       0x66 tasks.o
 .debug_macro   0x00000000       0x16 tasks.o
 .debug_macro   0x00000000       0x20 tasks.o
 .debug_macro   0x00000000       0x7f tasks.o
 .debug_macro   0x00000000       0x46 tasks.o
 .debug_macro   0x00000000       0xaa tasks.o
 .debug_macro   0x00000000     0x13f6 tasks.o
 .debug_macro   0x00000000      0x171 tasks.o
 .debug_macro   0x00000000       0xcb tasks.o
 .debug_macro   0x00000000       0x34 tasks.o
 .debug_macro   0x00000000       0x18 tasks.o
 .debug_macro   0x00000000       0x6c tasks.o
 .debug_macro   0x00000000       0x88 tasks.o
 .debug_macro   0x00000000       0x7f tasks.o
 .debug_macro   0x00000000       0x12 tasks.o
 .debug_macro   0x00000000       0x1f tasks.o
 .debug_macro   0x00000000      0x211 tasks.o
 .debug_macro   0x00000000       0x49 tasks.o
 .debug_macro   0x00000000       0x57 tasks.o
 .group         0x00000000        0x8 timers.o
 .group         0x00000000        0x8 timers.o
 .group         0x00000000        0x8 timers.o
 .group         0x00000000        0x8 timers.o
 .group         0x00000000        0x8 timers.o
 .group         0x00000000        0x8 timers.o
 .group         0x00000000        0x8 timers.o
 .group         0x00000000        0x8 timers.o
 .group         0x00000000        0x8 timers.o
 .group         0x00000000        0x8 timers.o
 .group         0x00000000        0x8 timers.o
 .group         0x00000000        0x8 timers.o
 .group         0x00000000        0x8 timers.o
 .group         0x00000000        0x8 timers.o
 .group         0x00000000        0x8 timers.o
 .group         0x00000000        0x8 timers.o
 .group         0x00000000        0x8 timers.o
 .group         0x00000000        0x8 timers.o
 .group         0x00000000        0x8 timers.o
 .group         0x00000000        0x8 timers.o
 .group         0x00000000        0x8 timers.o
 .group         0x00000000        0x8 timers.o
 .text          0x00000000        0x0 timers.o
 .data          0x00000000        0x0 timers.o
 .bss           0x00000000        0x0 timers.o
 .debug_info    0x00000000       0x6f timers.o
 .debug_abbrev  0x00000000       0x29 timers.o
 .debug_aranges
                0x00000000       0x18 timers.o
 .debug_macro   0x00000000      0x11a timers.o
 .debug_macro   0x00000000      0xa66 timers.o
 .debug_macro   0x00000000      0x166 timers.o
 .debug_macro   0x00000000       0x46 timers.o
 .debug_macro   0x00000000       0x10 timers.o
 .debug_macro   0x00000000      0x1c9 timers.o
 .debug_macro   0x00000000      0x2fc timers.o
 .debug_macro   0x00000000       0x9e timers.o
 .debug_macro   0x00000000     0x13f6 timers.o
 .debug_macro   0x00000000      0x171 timers.o
 .debug_macro   0x00000000       0xcb timers.o
 .debug_macro   0x00000000       0x34 timers.o
 .debug_macro   0x00000000       0x18 timers.o
 .debug_macro   0x00000000       0x6c timers.o
 .debug_macro   0x00000000       0x88 timers.o
 .debug_macro   0x00000000       0x7f timers.o
 .debug_macro   0x00000000       0x12 timers.o
 .debug_macro   0x00000000       0x1f timers.o
 .debug_macro   0x00000000      0x211 timers.o
 .debug_macro   0x00000000       0x49 timers.o
 .debug_macro   0x00000000       0x57 timers.o
 .debug_macro   0x00000000       0x96 timers.o
 .debug_macro   0x00000000       0x5b timers.o
 .debug_line    0x00000000      0x340 timers.o
 .debug_str     0x00000000     0x95f5 timers.o
 .comment       0x00000000       0x31 timers.o
 .group         0x00000000        0x8 port.o
 .group         0x00000000        0x8 port.o
 .group         0x00000000        0x8 port.o
 .group         0x00000000        0x8 port.o
 .group         0x00000000        0x8 port.o
 .group         0x00000000        0x8 port.o
 .group         0x00000000        0x8 port.o
 .group         0x00000000        0x8 port.o
 .group         0x00000000        0x8 port.o
 .group         0x00000000        0x8 port.o
 .group         0x00000000        0x8 port.o
 .group         0x00000000        0x8 port.o
 .group         0x00000000        0x8 port.o
 .group         0x00000000        0x8 port.o
 .group         0x00000000        0x8 port.o
 .group         0x00000000        0x8 port.o
 .group         0x00000000        0x8 port.o
 .group         0x00000000        0x8 port.o
 .group         0x00000000        0x8 port.o
 .group         0x00000000        0x8 port.o
 .group         0x00000000        0x8 port.o
 .group         0x00000000        0x8 port.o
 .group         0x00000000        0x8 port.o
 .group         0x00000000        0x8 port.o
 .text          0x00000000        0x0 port.o
 .data          0x00000000        0x0 port.o
 .bss           0x00000000        0x0 port.o
 .text.vPortEndScheduler
                0x00000000        0x2 port.o
 .debug_macro   0x00000000      0xa66 port.o
 .debug_macro   0x00000000       0x1c port.o
 .debug_macro   0x00000000      0x10e port.o
 .debug_macro   0x00000000       0x66 port.o
 .debug_macro   0x00000000       0x10 port.o
 .debug_macro   0x00000000      0x1c9 port.o
 .debug_macro   0x00000000      0x2fc port.o
 .debug_macro   0x00000000       0x9e port.o
 .debug_macro   0x00000000     0x13f6 port.o
 .debug_macro   0x00000000      0x171 port.o
 .debug_macro   0x00000000       0xcb port.o
 .debug_macro   0x00000000       0x34 port.o
 .debug_macro   0x00000000       0x18 port.o
 .debug_macro   0x00000000       0x6c port.o
 .debug_macro   0x00000000       0x7f port.o
 .debug_macro   0x00000000       0x46 port.o
 .debug_macro   0x00000000       0x8e port.o
 .debug_macro   0x00000000       0x7f port.o
 .debug_macro   0x00000000       0x12 port.o
 .debug_macro   0x00000000       0x1f port.o
 .debug_macro   0x00000000      0x211 port.o
 .debug_macro   0x00000000       0x49 port.o
 .debug_macro   0x00000000       0x57 port.o
 .group         0x00000000        0x8 queue.o
 .group         0x00000000        0x8 queue.o
 .group         0x00000000        0x8 queue.o
 .group         0x00000000        0x8 queue.o
 .group         0x00000000        0x8 queue.o
 .group         0x00000000        0x8 queue.o
 .group         0x00000000        0x8 queue.o
 .group         0x00000000        0x8 queue.o
 .group         0x00000000        0x8 queue.o
 .group         0x00000000        0x8 queue.o
 .group         0x00000000        0x8 queue.o
 .group         0x00000000        0x8 queue.o
 .group         0x00000000        0x8 queue.o
 .group         0x00000000        0x8 queue.o
 .group         0x00000000        0x8 queue.o
 .group         0x00000000        0x8 queue.o
 .group         0x00000000        0x8 queue.o
 .group         0x00000000        0x8 queue.o
 .group         0x00000000        0x8 queue.o
 .group         0x00000000        0x8 queue.o
 .group         0x00000000        0x8 queue.o
 .group         0x00000000        0x8 queue.o
 .group         0x00000000        0x8 queue.o
 .group         0x00000000        0x8 queue.o
 .group         0x00000000        0x8 queue.o
 .group         0x00000000        0x8 queue.o
 .text          0x00000000        0x0 queue.o
 .data          0x00000000        0x0 queue.o
 .bss           0x00000000        0x0 queue.o
 .text.prvCopyDataToQueue
                0x00000000       0x82 queue.o
 .text.prvCopyDataFromQueue
                0x00000000       0x34 queue.o
 .text.prvUnlockQueue
                0x00000000       0x94 queue.o
 .text.xQueueGenericReset
                0x00000000       0x70 queue.o
 .text.xQueueGenericCreate
                0x00000000       0x5c queue.o
 .text.xQueueGenericSend
                0x00000000      0x134 queue.o
 .text.xQueueGenericSendFromISR
                0x00000000       0x58 queue.o
 .text.xQueueGenericReceive
                0x00000000      0x158 queue.o
 .text.xQueueReceiveFromISR
                0x00000000       0x5a queue.o
 .text.uxQueueMessagesWaiting
                0x00000000       0x10 queue.o
 .text.uxQueueMessagesWaitingFromISR
                0x00000000        0x6 queue.o
 .text.vQueueDelete
                0x00000000       0x1a queue.o
 .text.xQueueIsQueueEmptyFromISR
                0x00000000        0xc queue.o
 .text.xQueueIsQueueFullFromISR
                0x00000000        0xe queue.o
 .text.xQueueCRSend
                0x00000000       0x74 queue.o
 .text.xQueueCRReceive
                0x00000000       0x94 queue.o
 .text.xQueueCRSendFromISR
                0x00000000       0x48 queue.o
 .text.xQueueCRReceiveFromISR
                0x00000000       0x82 queue.o
 .debug_info    0x00000000     0x1016 queue.o
 .debug_abbrev  0x00000000      0x24d queue.o
 .debug_loc     0x00000000     0x13c7 queue.o
 .debug_aranges
                0x00000000       0xa8 queue.o
 .debug_ranges  0x00000000       0x98 queue.o
 .debug_macro   0x00000000      0x1a3 queue.o
 .debug_macro   0x00000000      0xa66 queue.o
 .debug_macro   0x00000000       0x1c queue.o
 .debug_macro   0x00000000      0x10e queue.o
 .debug_macro   0x00000000       0x66 queue.o
 .debug_macro   0x00000000       0x16 queue.o
 .debug_macro   0x00000000       0x20 queue.o
 .debug_macro   0x00000000       0x7f queue.o
 .debug_macro   0x00000000       0x46 queue.o
 .debug_macro   0x00000000       0x10 queue.o
 .debug_macro   0x00000000      0x1c9 queue.o
 .debug_macro   0x00000000      0x2fc queue.o
 .debug_macro   0x00000000       0x9e queue.o
 .debug_macro   0x00000000     0x13f6 queue.o
 .debug_macro   0x00000000      0x171 queue.o
 .debug_macro   0x00000000       0xcb queue.o
 .debug_macro   0x00000000       0x34 queue.o
 .debug_macro   0x00000000       0x18 queue.o
 .debug_macro   0x00000000       0x6c queue.o
 .debug_macro   0x00000000       0x88 queue.o
 .debug_macro   0x00000000       0x7f queue.o
 .debug_macro   0x00000000       0x12 queue.o
 .debug_macro   0x00000000       0x1f queue.o
 .debug_macro   0x00000000      0x211 queue.o
 .debug_macro   0x00000000       0x49 queue.o
 .debug_macro   0x00000000       0x57 queue.o
 .debug_macro   0x00000000       0x49 queue.o
 .debug_line    0x00000000      0xa95 queue.o
 .debug_str     0x00000000     0x9a20 queue.o
 .comment       0x00000000       0x31 queue.o
 .debug_frame   0x00000000      0x264 queue.o
 .group         0x00000000        0x8 src/ASF/common/boards/user_board/init.o
 .group         0x00000000        0x8 src/ASF/common/boards/user_board/init.o
 .group         0x00000000        0x8 src/ASF/common/boards/user_board/init.o
 .group         0x00000000        0x8 src/ASF/common/boards/user_board/init.o
 .group         0x00000000        0x8 src/ASF/common/boards/user_board/init.o
 .group         0x00000000        0x8 src/ASF/common/boards/user_board/init.o
 .group         0x00000000        0x8 src/ASF/common/boards/user_board/init.o
 .group         0x00000000        0x8 src/ASF/common/boards/user_board/init.o
 .group         0x00000000        0x8 src/ASF/common/boards/user_board/init.o
 .group         0x00000000        0x8 src/ASF/common/boards/user_board/init.o
 .group         0x00000000        0x8 src/ASF/common/boards/user_board/init.o
 .group         0x00000000        0x8 src/ASF/common/boards/user_board/init.o
 .group         0x00000000        0x8 src/ASF/common/boards/user_board/init.o
 .group         0x00000000        0x8 src/ASF/common/boards/user_board/init.o
 .group         0x00000000        0x8 src/ASF/common/boards/user_board/init.o
 .group         0x00000000        0x8 src/ASF/common/boards/user_board/init.o
 .group         0x00000000        0x8 src/ASF/common/boards/user_board/init.o
 .group         0x00000000        0x8 src/ASF/common/boards/user_board/init.o
 .group         0x00000000        0x8 src/ASF/common/boards/user_board/init.o
 .group         0x00000000        0x8 src/ASF/common/boards/user_board/init.o
 .group         0x00000000        0x8 src/ASF/common/boards/user_board/init.o
 .group         0x00000000        0x8 src/ASF/common/boards/user_board/init.o
 .group         0x00000000        0x8 src/ASF/common/boards/user_board/init.o
 .group         0x00000000        0x8 src/ASF/common/boards/user_board/init.o
 .group         0x00000000        0x8 src/ASF/common/boards/user_board/init.o
 .text          0x00000000        0x0 src/ASF/common/boards/user_board/init.o
 .data          0x00000000        0x0 src/ASF/common/boards/user_board/init.o
 .bss           0x00000000        0x0 src/ASF/common/boards/user_board/init.o
 .text.board_init
                0x00000000        0x2 src/ASF/common/boards/user_board/init.o
 .debug_info    0x00000000       0x7c src/ASF/common/boards/user_board/init.o
 .debug_abbrev  0x00000000       0x47 src/ASF/common/boards/user_board/init.o
 .debug_aranges
                0x00000000       0x20 src/ASF/common/boards/user_board/init.o
 .debug_ranges  0x00000000       0x10 src/ASF/common/boards/user_board/init.o
 .debug_macro   0x00000000      0x152 src/ASF/common/boards/user_board/init.o
 .debug_macro   0x00000000      0xa66 src/ASF/common/boards/user_board/init.o
 .debug_macro   0x00000000       0x10 src/ASF/common/boards/user_board/init.o
 .debug_macro   0x00000000      0x1c9 src/ASF/common/boards/user_board/init.o
 .debug_macro   0x00000000      0x2fc src/ASF/common/boards/user_board/init.o
 .debug_macro   0x00000000       0x9e src/ASF/common/boards/user_board/init.o
 .debug_macro   0x00000000     0x13f6 src/ASF/common/boards/user_board/init.o
 .debug_macro   0x00000000      0x171 src/ASF/common/boards/user_board/init.o
 .debug_macro   0x00000000       0xcb src/ASF/common/boards/user_board/init.o
 .debug_macro   0x00000000       0x34 src/ASF/common/boards/user_board/init.o
 .debug_macro   0x00000000       0x18 src/ASF/common/boards/user_board/init.o
 .debug_macro   0x00000000       0x6c src/ASF/common/boards/user_board/init.o
 .debug_macro   0x00000000       0x22 src/ASF/common/boards/user_board/init.o
 .debug_macro   0x00000000      0x166 src/ASF/common/boards/user_board/init.o
 .debug_macro   0x00000000       0x1c src/ASF/common/boards/user_board/init.o
 .debug_macro   0x00000000       0x35 src/ASF/common/boards/user_board/init.o
 .debug_macro   0x00000000       0x66 src/ASF/common/boards/user_board/init.o
 .debug_macro   0x00000000      0x644 src/ASF/common/boards/user_board/init.o
 .debug_macro   0x00000000       0x44 src/ASF/common/boards/user_board/init.o
 .debug_macro   0x00000000       0x69 src/ASF/common/boards/user_board/init.o
 .debug_macro   0x00000000       0x2c src/ASF/common/boards/user_board/init.o
 .debug_macro   0x00000000       0x10 src/ASF/common/boards/user_board/init.o
 .debug_macro   0x00000000      0x175 src/ASF/common/boards/user_board/init.o
 .debug_macro   0x00000000       0x40 src/ASF/common/boards/user_board/init.o
 .debug_macro   0x00000000      0x100 src/ASF/common/boards/user_board/init.o
 .debug_macro   0x00000000      0x2a4 src/ASF/common/boards/user_board/init.o
 .debug_line    0x00000000      0x392 src/ASF/common/boards/user_board/init.o
 .debug_str     0x00000000    0x1103c src/ASF/common/boards/user_board/init.o
 .comment       0x00000000       0x31 src/ASF/common/boards/user_board/init.o
 .debug_frame   0x00000000       0x24 src/ASF/common/boards/user_board/init.o
 .text          0x00000000        0x0 e:/program files (x86)/atmel/studio/7.0/toolchain/avr8/avr8-gnu-toolchain/bin/../lib/gcc/avr/4.9.2/avr51\libgcc.a(_exit.o)
 .data          0x00000000        0x0 e:/program files (x86)/atmel/studio/7.0/toolchain/avr8/avr8-gnu-toolchain/bin/../lib/gcc/avr/4.9.2/avr51\libgcc.a(_exit.o)
 .bss           0x00000000        0x0 e:/program files (x86)/atmel/studio/7.0/toolchain/avr8/avr8-gnu-toolchain/bin/../lib/gcc/avr/4.9.2/avr51\libgcc.a(_exit.o)
 .text.libgcc.mul
                0x00000000        0x0 e:/program files (x86)/atmel/studio/7.0/toolchain/avr8/avr8-gnu-toolchain/bin/../lib/gcc/avr/4.9.2/avr51\libgcc.a(_exit.o)
 .text.libgcc.div
                0x00000000        0x0 e:/program files (x86)/atmel/studio/7.0/toolchain/avr8/avr8-gnu-toolchain/bin/../lib/gcc/avr/4.9.2/avr51\libgcc.a(_exit.o)
 .text.libgcc   0x00000000        0x0 e:/program files (x86)/atmel/studio/7.0/toolchain/avr8/avr8-gnu-toolchain/bin/../lib/gcc/avr/4.9.2/avr51\libgcc.a(_exit.o)
 .text.libgcc.prologue
                0x00000000        0x0 e:/program files (x86)/atmel/studio/7.0/toolchain/avr8/avr8-gnu-toolchain/bin/../lib/gcc/avr/4.9.2/avr51\libgcc.a(_exit.o)
 .text.libgcc.builtins
                0x00000000        0x0 e:/program files (x86)/atmel/studio/7.0/toolchain/avr8/avr8-gnu-toolchain/bin/../lib/gcc/avr/4.9.2/avr51\libgcc.a(_exit.o)
 .text.libgcc.fmul
                0x00000000        0x0 e:/program files (x86)/atmel/studio/7.0/toolchain/avr8/avr8-gnu-toolchain/bin/../lib/gcc/avr/4.9.2/avr51\libgcc.a(_exit.o)
 .text.libgcc.fixed
                0x00000000        0x0 e:/program files (x86)/atmel/studio/7.0/toolchain/avr8/avr8-gnu-toolchain/bin/../lib/gcc/avr/4.9.2/avr51\libgcc.a(_exit.o)
 .text          0x00000000        0x0 e:/program files (x86)/atmel/studio/7.0/toolchain/avr8/avr8-gnu-toolchain/bin/../lib/gcc/avr/4.9.2/avr51\libgcc.a(_copy_data.o)
 .data          0x00000000        0x0 e:/program files (x86)/atmel/studio/7.0/toolchain/avr8/avr8-gnu-toolchain/bin/../lib/gcc/avr/4.9.2/avr51\libgcc.a(_copy_data.o)
 .bss           0x00000000        0x0 e:/program files (x86)/atmel/studio/7.0/toolchain/avr8/avr8-gnu-toolchain/bin/../lib/gcc/avr/4.9.2/avr51\libgcc.a(_copy_data.o)
 .text.libgcc.mul
                0x00000000        0x0 e:/program files (x86)/atmel/studio/7.0/toolchain/avr8/avr8-gnu-toolchain/bin/../lib/gcc/avr/4.9.2/avr51\libgcc.a(_copy_data.o)
 .text.libgcc.div
                0x00000000        0x0 e:/program files (x86)/atmel/studio/7.0/toolchain/avr8/avr8-gnu-toolchain/bin/../lib/gcc/avr/4.9.2/avr51\libgcc.a(_copy_data.o)
 .text.libgcc   0x00000000        0x0 e:/program files (x86)/atmel/studio/7.0/toolchain/avr8/avr8-gnu-toolchain/bin/../lib/gcc/avr/4.9.2/avr51\libgcc.a(_copy_data.o)
 .text.libgcc.prologue
                0x00000000        0x0 e:/program files (x86)/atmel/studio/7.0/toolchain/avr8/avr8-gnu-toolchain/bin/../lib/gcc/avr/4.9.2/avr51\libgcc.a(_copy_data.o)
 .text.libgcc.builtins
                0x00000000        0x0 e:/program files (x86)/atmel/studio/7.0/toolchain/avr8/avr8-gnu-toolchain/bin/../lib/gcc/avr/4.9.2/avr51\libgcc.a(_copy_data.o)
 .text.libgcc.fmul
                0x00000000        0x0 e:/program files (x86)/atmel/studio/7.0/toolchain/avr8/avr8-gnu-toolchain/bin/../lib/gcc/avr/4.9.2/avr51\libgcc.a(_copy_data.o)
 .text.libgcc.fixed
                0x00000000        0x0 e:/program files (x86)/atmel/studio/7.0/toolchain/avr8/avr8-gnu-toolchain/bin/../lib/gcc/avr/4.9.2/avr51\libgcc.a(_copy_data.o)
 .text          0x00000000        0x0 e:/program files (x86)/atmel/studio/7.0/toolchain/avr8/avr8-gnu-toolchain/bin/../lib/gcc/avr/4.9.2/avr51\libgcc.a(_clear_bss.o)
 .data          0x00000000        0x0 e:/program files (x86)/atmel/studio/7.0/toolchain/avr8/avr8-gnu-toolchain/bin/../lib/gcc/avr/4.9.2/avr51\libgcc.a(_clear_bss.o)
 .bss           0x00000000        0x0 e:/program files (x86)/atmel/studio/7.0/toolchain/avr8/avr8-gnu-toolchain/bin/../lib/gcc/avr/4.9.2/avr51\libgcc.a(_clear_bss.o)
 .text.libgcc.mul
                0x00000000        0x0 e:/program files (x86)/atmel/studio/7.0/toolchain/avr8/avr8-gnu-toolchain/bin/../lib/gcc/avr/4.9.2/avr51\libgcc.a(_clear_bss.o)
 .text.libgcc.div
                0x00000000        0x0 e:/program files (x86)/atmel/studio/7.0/toolchain/avr8/avr8-gnu-toolchain/bin/../lib/gcc/avr/4.9.2/avr51\libgcc.a(_clear_bss.o)
 .text.libgcc   0x00000000        0x0 e:/program files (x86)/atmel/studio/7.0/toolchain/avr8/avr8-gnu-toolchain/bin/../lib/gcc/avr/4.9.2/avr51\libgcc.a(_clear_bss.o)
 .text.libgcc.prologue
                0x00000000        0x0 e:/program files (x86)/atmel/studio/7.0/toolchain/avr8/avr8-gnu-toolchain/bin/../lib/gcc/avr/4.9.2/avr51\libgcc.a(_clear_bss.o)
 .text.libgcc.builtins
                0x00000000        0x0 e:/program files (x86)/atmel/studio/7.0/toolchain/avr8/avr8-gnu-toolchain/bin/../lib/gcc/avr/4.9.2/avr51\libgcc.a(_clear_bss.o)
 .text.libgcc.fmul
                0x00000000        0x0 e:/program files (x86)/atmel/studio/7.0/toolchain/avr8/avr8-gnu-toolchain/bin/../lib/gcc/avr/4.9.2/avr51\libgcc.a(_clear_bss.o)
 .text.libgcc.fixed
                0x00000000        0x0 e:/program files (x86)/atmel/studio/7.0/toolchain/avr8/avr8-gnu-toolchain/bin/../lib/gcc/avr/4.9.2/avr51\libgcc.a(_clear_bss.o)
 .text          0x00000000        0x0 e:/program files (x86)/atmel/studio/7.0/toolchain/avr8/avr8-gnu-toolchain/bin/../lib/gcc/avr/4.9.2/../../../../avr/lib/avr51\libc.a(atoi.o)
 .data          0x00000000        0x0 e:/program files (x86)/atmel/studio/7.0/toolchain/avr8/avr8-gnu-toolchain/bin/../lib/gcc/avr/4.9.2/../../../../avr/lib/avr51\libc.a(atoi.o)
 .bss           0x00000000        0x0 e:/program files (x86)/atmel/studio/7.0/toolchain/avr8/avr8-gnu-toolchain/bin/../lib/gcc/avr/4.9.2/../../../../avr/lib/avr51\libc.a(atoi.o)
 .text          0x00000000        0x0 e:/program files (x86)/atmel/studio/7.0/toolchain/avr8/avr8-gnu-toolchain/bin/../lib/gcc/avr/4.9.2/../../../../avr/lib/avr51\libc.a(memcpy.o)
 .data          0x00000000        0x0 e:/program files (x86)/atmel/studio/7.0/toolchain/avr8/avr8-gnu-toolchain/bin/../lib/gcc/avr/4.9.2/../../../../avr/lib/avr51\libc.a(memcpy.o)
 .bss           0x00000000        0x0 e:/program files (x86)/atmel/studio/7.0/toolchain/avr8/avr8-gnu-toolchain/bin/../lib/gcc/avr/4.9.2/../../../../avr/lib/avr51\libc.a(memcpy.o)
 .text.avr-libc
                0x00000000       0x12 e:/program files (x86)/atmel/studio/7.0/toolchain/avr8/avr8-gnu-toolchain/bin/../lib/gcc/avr/4.9.2/../../../../avr/lib/avr51\libc.a(memcpy.o)
 .text          0x00000000        0x0 e:/program files (x86)/atmel/studio/7.0/toolchain/avr8/avr8-gnu-toolchain/bin/../lib/gcc/avr/4.9.2/../../../../avr/lib/avr51\libc.a(memset.o)
 .data          0x00000000        0x0 e:/program files (x86)/atmel/studio/7.0/toolchain/avr8/avr8-gnu-toolchain/bin/../lib/gcc/avr/4.9.2/../../../../avr/lib/avr51\libc.a(memset.o)
 .bss           0x00000000        0x0 e:/program files (x86)/atmel/studio/7.0/toolchain/avr8/avr8-gnu-toolchain/bin/../lib/gcc/avr/4.9.2/../../../../avr/lib/avr51\libc.a(memset.o)
 .text          0x00000000        0x0 e:/program files (x86)/atmel/studio/7.0/toolchain/avr8/avr8-gnu-toolchain/bin/../lib/gcc/avr/4.9.2/../../../../avr/lib/avr51\libc.a(strncpy.o)
 .data          0x00000000        0x0 e:/program files (x86)/atmel/studio/7.0/toolchain/avr8/avr8-gnu-toolchain/bin/../lib/gcc/avr/4.9.2/../../../../avr/lib/avr51\libc.a(strncpy.o)
 .bss           0x00000000        0x0 e:/program files (x86)/atmel/studio/7.0/toolchain/avr8/avr8-gnu-toolchain/bin/../lib/gcc/avr/4.9.2/../../../../avr/lib/avr51\libc.a(strncpy.o)
 .text          0x00000000        0x0 e:/program files (x86)/atmel/studio/7.0/toolchain/avr8/avr8-gnu-toolchain/bin/../lib/gcc/avr/4.9.2/../../../../avr/lib/avr51\libc.a(mul10.o)
 .data          0x00000000        0x0 e:/program files (x86)/atmel/studio/7.0/toolchain/avr8/avr8-gnu-toolchain/bin/../lib/gcc/avr/4.9.2/../../../../avr/lib/avr51\libc.a(mul10.o)
 .bss           0x00000000        0x0 e:/program files (x86)/atmel/studio/7.0/toolchain/avr8/avr8-gnu-toolchain/bin/../lib/gcc/avr/4.9.2/../../../../avr/lib/avr51\libc.a(mul10.o)
 .text          0x00000000        0x0 e:/program files (x86)/atmel/studio/7.0/toolchain/avr8/avr8-gnu-toolchain/bin/../lib/gcc/avr/4.9.2/../../../../avr/lib/avr51\libc.a(sprintf.o)
 .data          0x00000000        0x0 e:/program files (x86)/atmel/studio/7.0/toolchain/avr8/avr8-gnu-toolchain/bin/../lib/gcc/avr/4.9.2/../../../../avr/lib/avr51\libc.a(sprintf.o)
 .bss           0x00000000        0x0 e:/program files (x86)/atmel/studio/7.0/toolchain/avr8/avr8-gnu-toolchain/bin/../lib/gcc/avr/4.9.2/../../../../avr/lib/avr51\libc.a(sprintf.o)
 .text          0x00000000        0x0 e:/program files (x86)/atmel/studio/7.0/toolchain/avr8/avr8-gnu-toolchain/bin/../lib/gcc/avr/4.9.2/../../../../avr/lib/avr51\libc.a(vfprintf_std.o)
 .data          0x00000000        0x0 e:/program files (x86)/atmel/studio/7.0/toolchain/avr8/avr8-gnu-toolchain/bin/../lib/gcc/avr/4.9.2/../../../../avr/lib/avr51\libc.a(vfprintf_std.o)
 .bss           0x00000000        0x0 e:/program files (x86)/atmel/studio/7.0/toolchain/avr8/avr8-gnu-toolchain/bin/../lib/gcc/avr/4.9.2/../../../../avr/lib/avr51\libc.a(vfprintf_std.o)
 .text          0x00000000        0x0 e:/program files (x86)/atmel/studio/7.0/toolchain/avr8/avr8-gnu-toolchain/bin/../lib/gcc/avr/4.9.2/../../../../avr/lib/avr51\libc.a(strnlen_P.o)
 .data          0x00000000        0x0 e:/program files (x86)/atmel/studio/7.0/toolchain/avr8/avr8-gnu-toolchain/bin/../lib/gcc/avr/4.9.2/../../../../avr/lib/avr51\libc.a(strnlen_P.o)
 .bss           0x00000000        0x0 e:/program files (x86)/atmel/studio/7.0/toolchain/avr8/avr8-gnu-toolchain/bin/../lib/gcc/avr/4.9.2/../../../../avr/lib/avr51\libc.a(strnlen_P.o)
 .text          0x00000000        0x0 e:/program files (x86)/atmel/studio/7.0/toolchain/avr8/avr8-gnu-toolchain/bin/../lib/gcc/avr/4.9.2/../../../../avr/lib/avr51\libc.a(strnlen.o)
 .data          0x00000000        0x0 e:/program files (x86)/atmel/studio/7.0/toolchain/avr8/avr8-gnu-toolchain/bin/../lib/gcc/avr/4.9.2/../../../../avr/lib/avr51\libc.a(strnlen.o)
 .bss           0x00000000        0x0 e:/program files (x86)/atmel/studio/7.0/toolchain/avr8/avr8-gnu-toolchain/bin/../lib/gcc/avr/4.9.2/../../../../avr/lib/avr51\libc.a(strnlen.o)
 .text          0x00000000        0x0 e:/program files (x86)/atmel/studio/7.0/toolchain/avr8/avr8-gnu-toolchain/bin/../lib/gcc/avr/4.9.2/../../../../avr/lib/avr51\libc.a(fputc.o)
 .data          0x00000000        0x0 e:/program files (x86)/atmel/studio/7.0/toolchain/avr8/avr8-gnu-toolchain/bin/../lib/gcc/avr/4.9.2/../../../../avr/lib/avr51\libc.a(fputc.o)
 .bss           0x00000000        0x0 e:/program files (x86)/atmel/studio/7.0/toolchain/avr8/avr8-gnu-toolchain/bin/../lib/gcc/avr/4.9.2/../../../../avr/lib/avr51\libc.a(fputc.o)
 .text          0x00000000        0x0 e:/program files (x86)/atmel/studio/7.0/toolchain/avr8/avr8-gnu-toolchain/bin/../lib/gcc/avr/4.9.2/../../../../avr/lib/avr51\libc.a(ultoa_invert.o)
 .data          0x00000000        0x0 e:/program files (x86)/atmel/studio/7.0/toolchain/avr8/avr8-gnu-toolchain/bin/../lib/gcc/avr/4.9.2/../../../../avr/lib/avr51\libc.a(ultoa_invert.o)
 .bss           0x00000000        0x0 e:/program files (x86)/atmel/studio/7.0/toolchain/avr8/avr8-gnu-toolchain/bin/../lib/gcc/avr/4.9.2/../../../../avr/lib/avr51\libc.a(ultoa_invert.o)

Memory Configuration

Name             Origin             Length             Attributes
text             0x00000000         0x00020000         xr
data             0x00800100         0x0000ff00         rw !x
eeprom           0x00810000         0x00010000         rw !x
fuse             0x00820000         0x00000400         rw !x
lock             0x00830000         0x00000400         rw !x
signature        0x00840000         0x00000400         rw !x
user_signatures  0x00850000         0x00000400         rw !x
*default*        0x00000000         0xffffffff

Linker script and memory map

Address of section .data set to 0x800100
LOAD E:/Program Files (x86)/Atmel/Studio/7.0/Packs/atmel/ATmega_DFP/1.0.106/gcc/dev/atmega1284/avr51/crtatmega1284.o
LOAD croutine.o
LOAD heap_1.o
LOAD list.o
LOAD main.o
LOAD tasks.o
LOAD timers.o
LOAD port.o
LOAD queue.o
LOAD src/ASF/common/boards/user_board/init.o
START GROUP
LOAD e:/program files (x86)/atmel/studio/7.0/toolchain/avr8/avr8-gnu-toolchain/bin/../lib/gcc/avr/4.9.2/../../../../avr/lib/avr51\libm.a
END GROUP
START GROUP
LOAD e:/program files (x86)/atmel/studio/7.0/toolchain/avr8/avr8-gnu-toolchain/bin/../lib/gcc/avr/4.9.2/avr51\libgcc.a
LOAD e:/program files (x86)/atmel/studio/7.0/toolchain/avr8/avr8-gnu-toolchain/bin/../lib/gcc/avr/4.9.2/../../../../avr/lib/avr51\libm.a
LOAD e:/program files (x86)/atmel/studio/7.0/toolchain/avr8/avr8-gnu-toolchain/bin/../lib/gcc/avr/4.9.2/../../../../avr/lib/avr51\libc.a
LOAD E:/Program Files (x86)/Atmel/Studio/7.0/Packs/atmel/ATmega_DFP/1.0.106/gcc/dev/atmega1284/avr51\libatmega1284.a
END GROUP
                0x00020000                __TEXT_REGION_LENGTH__ = DEFINED (__TEXT_REGION_LENGTH__)?__TEXT_REGION_LENGTH__:0x20000
                0x0000ff00                __DATA_REGION_LENGTH__ = DEFINED (__DATA_REGION_LENGTH__)?__DATA_REGION_LENGTH__:0xff00
                0x00010000                __EEPROM_REGION_LENGTH__ = DEFINED (__EEPROM_REGION_LENGTH__)?__EEPROM_REGION_LENGTH__:0x10000
                0x00000400                __FUSE_REGION_LENGTH__ = DEFINED (__FUSE_REGION_LENGTH__)?__FUSE_REGION_LENGTH__:0x400
                0x00000400                __LOCK_REGION_LENGTH__ = DEFINED (__LOCK_REGION_LENGTH__)?__LOCK_REGION_LENGTH__:0x400
                0x00000400                __SIGNATURE_REGION_LENGTH__ = DEFINED (__SIGNATURE_REGION_LENGTH__)?__SIGNATURE_REGION_LENGTH__:0x400
                0x00000400                __USER_SIGNATURE_REGION_LENGTH__ = DEFINED (__USER_SIGNATURE_REGION_LENGTH__)?__USER_SIGNATURE_REGION_LENGTH__:0x400

.hash
 *(.hash)

.dynsym
 *(.dynsym)

.dynstr
 *(.dynstr)

.gnu.version
 *(.gnu.version)

.gnu.version_d
 *(.gnu.version_d)

.gnu.version_r
 *(.gnu.version_r)

.rel.init
 *(.rel.init)

.rela.init
 *(.rela.init)

.rel.text
 *(.rel.text)
 *(.rel.text.*)
 *(.rel.gnu.linkonce.t*)

.rela.text
 *(.rela.text)
 *(.rela.text.*)
 *(.rela.gnu.linkonce.t*)

.rel.fini
 *(.rel.fini)

.rela.fini
 *(.rela.fini)

.rel.rodata
 *(.rel.rodata)
 *(.rel.rodata.*)
 *(.rel.gnu.linkonce.r*)

.rela.rodata
 *(.rela.rodata)
 *(.rela.rodata.*)
 *(.rela.gnu.linkonce.r*)

.rel.data
 *(.rel.data)
 *(.rel.data.*)
 *(.rel.gnu.linkonce.d*)

.rela.data
 *(.rela.data)
 *(.rela.data.*)
 *(.rela.gnu.linkonce.d*)

.rel.ctors
 *(.rel.ctors)

.rela.ctors
 *(.rela.ctors)

.rel.dtors
 *(.rel.dtors)

.rela.dtors
 *(.rela.dtors)

.rel.got
 *(.rel.got)

.rela.got
 *(.rela.got)

.rel.bss
 *(.rel.bss)

.rela.bss
 *(.rela.bss)

.rel.plt
 *(.rel.plt)

.rela.plt
 *(.rela.plt)

.text           0x00000000     0x1ae2
 *(.vectors)
 .vectors       0x00000000       0x8c E:/Program Files (x86)/Atmel/Studio/7.0/Packs/atmel/ATmega_DFP/1.0.106/gcc/dev/atmega1284/avr51/crtatmega1284.o
                0x00000000                __vector_default
                0x00000000                __vectors
 *(.vectors)
 *(.progmem.gcc*)
                0x0000008c                . = ALIGN (0x2)
                0x0000008c                __trampolines_start = .
 *(.trampolines)
 .trampolines   0x0000008c        0x0 linker stubs
 *(.trampolines*)
                0x0000008c                __trampolines_end = .
 *libprintf_flt.a:*(.progmem.data)
 *libc.a:*(.progmem.data)
 *(.progmem*)
                0x0000008c                . = ALIGN (0x2)
 *(.jumptables)
 *(.jumptables*)
 *(.lowtext)
 *(.lowtext*)
                0x0000008c                __ctors_start = .
 *(.ctors)
                0x0000008c                __ctors_end = .
                0x0000008c                __dtors_start = .
 *(.dtors)
                0x0000008c                __dtors_end = .
 SORT(*)(.ctors)
 SORT(*)(.dtors)
 *(.init0)
 .init0         0x0000008c        0x0 E:/Program Files (x86)/Atmel/Studio/7.0/Packs/atmel/ATmega_DFP/1.0.106/gcc/dev/atmega1284/avr51/crtatmega1284.o
                0x0000008c                __init
 *(.init0)
 *(.init1)
 *(.init1)
 *(.init2)
 .init2         0x0000008c        0xc E:/Program Files (x86)/Atmel/Studio/7.0/Packs/atmel/ATmega_DFP/1.0.106/gcc/dev/atmega1284/avr51/crtatmega1284.o
 *(.init2)
 *(.init3)
 *(.init3)
 *(.init4)
 .init4         0x00000098       0x1a e:/program files (x86)/atmel/studio/7.0/toolchain/avr8/avr8-gnu-toolchain/bin/../lib/gcc/avr/4.9.2/avr51\libgcc.a(_copy_data.o)
                0x00000098                __do_copy_data
 .init4         0x000000b2       0x10 e:/program files (x86)/atmel/studio/7.0/toolchain/avr8/avr8-gnu-toolchain/bin/../lib/gcc/avr/4.9.2/avr51\libgcc.a(_clear_bss.o)
                0x000000b2                __do_clear_bss
 *(.init4)
 *(.init5)
 *(.init5)
 *(.init6)
 *(.init6)
 *(.init7)
 *(.init7)
 *(.init8)
 *(.init8)
 *(.init9)
 .init9         0x000000c2        0x6 E:/Program Files (x86)/Atmel/Studio/7.0/Packs/atmel/ATmega_DFP/1.0.106/gcc/dev/atmega1284/avr51/crtatmega1284.o
 *(.init9)
 *(.text)
 .text          0x000000c8        0x2 E:/Program Files (x86)/Atmel/Studio/7.0/Packs/atmel/ATmega_DFP/1.0.106/gcc/dev/atmega1284/avr51/crtatmega1284.o
                0x000000c8                __vector_22
                0x000000c8                __vector_28
                0x000000c8                __vector_1
                0x000000c8                __vector_32
                0x000000c8                __vector_34
                0x000000c8                __vector_24
                0x000000c8                __vector_12
                0x000000c8                __bad_interrupt
                0x000000c8                __vector_6
                0x000000c8                __vector_31
                0x000000c8                __vector_3
                0x000000c8                __vector_23
                0x000000c8                __vector_30
                0x000000c8                __vector_25
                0x000000c8                __vector_11
                0x000000c8                __vector_17
                0x000000c8                __vector_19
                0x000000c8                __vector_7
                0x000000c8                __vector_27
                0x000000c8                __vector_5
                0x000000c8                __vector_33
                0x000000c8                __vector_4
                0x000000c8                __vector_9
                0x000000c8                __vector_2
                0x000000c8                __vector_21
                0x000000c8                __vector_15
                0x000000c8                __vector_29
                0x000000c8                __vector_8
                0x000000c8                __vector_26
                0x000000c8                __vector_14
                0x000000c8                __vector_10
                0x000000c8                __vector_16
                0x000000c8                __vector_18
                0x000000c8                __vector_20
                0x000000ca                . = ALIGN (0x2)
 *(.text.*)
 .text.pvPortMalloc
                0x000000ca       0x48 heap_1.o
                0x000000ca                pvPortMalloc
 .text.vPortFree
                0x00000112        0x2 heap_1.o
                0x00000112                vPortFree
 .text.vListInitialise
                0x00000114       0x1c list.o
                0x00000114                vListInitialise
 .text.vListInitialiseItem
                0x00000130        0x8 list.o
                0x00000130                vListInitialiseItem
 .text.vListInsertEnd
                0x00000138       0x4e list.o
                0x00000138                vListInsertEnd
 .text.vListInsert
                0x00000186       0x76 list.o
                0x00000186                vListInsert
 .text.vListRemove
                0x000001fc       0x4c list.o
                0x000001fc                vListRemove
 .text.delay_ms
                0x00000248       0x2a main.o
                0x00000248                delay_ms
 .text.LCD_WriteCommand
                0x00000272       0x12 main.o
                0x00000272                LCD_WriteCommand
 .text.LCD_ClearScreen
                0x00000284        0x6 main.o
                0x00000284                LCD_ClearScreen
 .text.LCD_init
                0x0000028a       0x1e main.o
                0x0000028a                LCD_init
 .text.LCD_WriteData
                0x000002a8       0x12 main.o
                0x000002a8                LCD_WriteData
 .text.LCD_Cursor
                0x000002ba       0x10 main.o
                0x000002ba                LCD_Cursor
 .text.LCD_WriteString
                0x000002ca       0x2a main.o
                0x000002ca                LCD_WriteString
 .text.Button_Init
                0x000002f4        0xc main.o
                0x000002f4                Button_Init
 .text.Button_Tick
                0x00000300       0xbc main.o
                0x00000300                Button_Tick
 .text.ButtonSecTask
                0x000003bc       0x10 main.o
                0x000003bc                ButtonSecTask
 .text.checksum
                0x000003cc       0x48 main.o
                0x000003cc                checksum
 .text.initUSART
                0x00000414       0x48 main.o
                0x00000414                initUSART
 .text.USART_HasReceived
                0x0000045c       0x14 main.o
                0x0000045c                USART_HasReceived
 .text.USART_Flush
                0x00000470       0x42 main.o
                0x00000470                USART_Flush
 .text.USART_Send
                0x000004b2       0x24 main.o
                0x000004b2                USART_Send
 .text.USART_Receive
                0x000004d6       0x24 main.o
                0x000004d6                USART_Receive
 .text.rf_receive
                0x000004fa       0xae main.o
                0x000004fa                rf_receive
 .text.daysInMonth
                0x000005a8       0x44 main.o
                0x000005a8                daysInMonth
 .text.sendTime
                0x000005ec      0x112 main.o
                0x000005ec                sendTime
 .text.sendDate
                0x000006fe      0x138 main.o
                0x000006fe                sendDate
 .text.Clock_Init
                0x00000836        0x6 main.o
                0x00000836                Clock_Init
 .text.Clock_Tick
                0x0000083c       0x72 main.o
                0x0000083c                Clock_Tick
 .text.ClockSecTask
                0x000008ae        0xc main.o
                0x000008ae                ClockSecTask
 .text.ClockPrint_Tick
                0x000008ba       0x82 main.o
                0x000008ba                ClockPrint_Tick
 .text.ClockPrintSecTask
                0x0000093c        0xa main.o
                0x0000093c                ClockPrintSecTask
 .text.Demo_Init
                0x00000946        0xe main.o
                0x00000946                Demo_Init
 .text.Demo_Tick
                0x00000954      0x110 main.o
                0x00000954                Demo_Tick
 .text.DemoSecTask
                0x00000a64        0xc main.o
                0x00000a64                DemoSecTask
 .text.Backlight_Tick
                0x00000a70       0x56 main.o
                0x00000a70                Backlight_Tick
 .text.BacklightSecTask
                0x00000ac6        0xa main.o
                0x00000ac6                BacklightSecTask
 .text.StartSecPulse
                0x00000ad0       0x8a main.o
                0x00000ad0                StartSecPulse
 .text.main     0x00000b5a       0x1a main.o
                0x00000b5a                main
 .text.prvAddCurrentTaskToDelayedList
                0x00000b74       0x6a tasks.o
 .text.xTaskGenericCreate
                0x00000bde      0x1e6 tasks.o
                0x00000bde                xTaskGenericCreate
 .text.vTaskStartScheduler
                0x00000dc4       0x52 tasks.o
                0x00000dc4                vTaskStartScheduler
 .text.vTaskSuspendAll
                0x00000e16        0xc tasks.o
                0x00000e16                vTaskSuspendAll
 .text.vTaskIncrementTick
                0x00000e22      0x182 tasks.o
                0x00000e22                vTaskIncrementTick
 .text.xTaskResumeAll
                0x00000fa4      0x102 tasks.o
                0x00000fa4                xTaskResumeAll
 .text.vTaskDelay
                0x000010a6       0x36 tasks.o
                0x000010a6                vTaskDelay
 .text.prvIdleTask
                0x000010dc       0x70 tasks.o
 .text.vTaskSwitchContext
                0x0000114c       0xd8 tasks.o
                0x0000114c                vTaskSwitchContext
 .text.pxPortInitialiseStack
                0x00001224       0xd8 port.o
                0x00001224                pxPortInitialiseStack
 .text.xPortStartScheduler
                0x000012fc       0x74 port.o
                0x000012fc                xPortStartScheduler
 .text.vPortYield
                0x00001370       0xb0 port.o
                0x00001370                vPortYield
 .text.vPortYieldFromTick
                0x00001420       0xb2 port.o
                0x00001420                vPortYieldFromTick
 .text.__vector_13
                0x000014d2        0x4 port.o
                0x000014d2                __vector_13
 .text.avr-libc
                0x000014d6       0x3a e:/program files (x86)/atmel/studio/7.0/toolchain/avr8/avr8-gnu-toolchain/bin/../lib/gcc/avr/4.9.2/../../../../avr/lib/avr51\libc.a(atoi.o)
                0x000014d6                atoi
 .text.avr-libc
                0x00001510        0xe e:/program files (x86)/atmel/studio/7.0/toolchain/avr8/avr8-gnu-toolchain/bin/../lib/gcc/avr/4.9.2/../../../../avr/lib/avr51\libc.a(memset.o)
                0x00001510                memset
 .text.avr-libc
                0x0000151e       0x1e e:/program files (x86)/atmel/studio/7.0/toolchain/avr8/avr8-gnu-toolchain/bin/../lib/gcc/avr/4.9.2/../../../../avr/lib/avr51\libc.a(strncpy.o)
                0x0000151e                strncpy
 .text.avr-libc
                0x0000153c       0x10 e:/program files (x86)/atmel/studio/7.0/toolchain/avr8/avr8-gnu-toolchain/bin/../lib/gcc/avr/4.9.2/../../../../avr/lib/avr51\libc.a(mul10.o)
                0x0000153c                __mulhi_const_10
 .text.avr-libc
                0x0000154c       0x5e e:/program files (x86)/atmel/studio/7.0/toolchain/avr8/avr8-gnu-toolchain/bin/../lib/gcc/avr/4.9.2/../../../../avr/lib/avr51\libc.a(sprintf.o)
                0x0000154c                sprintf
 .text.avr-libc
                0x000015aa      0x3dc e:/program files (x86)/atmel/studio/7.0/toolchain/avr8/avr8-gnu-toolchain/bin/../lib/gcc/avr/4.9.2/../../../../avr/lib/avr51\libc.a(vfprintf_std.o)
                0x000015aa                vfprintf
 .text.avr-libc
                0x00001986       0x16 e:/program files (x86)/atmel/studio/7.0/toolchain/avr8/avr8-gnu-toolchain/bin/../lib/gcc/avr/4.9.2/../../../../avr/lib/avr51\libc.a(strnlen_P.o)
                0x00001986                strnlen_P
 .text.avr-libc
                0x0000199c       0x16 e:/program files (x86)/atmel/studio/7.0/toolchain/avr8/avr8-gnu-toolchain/bin/../lib/gcc/avr/4.9.2/../../../../avr/lib/avr51\libc.a(strnlen.o)
                0x0000199c                strnlen
 .text.avr-libc
                0x000019b2       0x70 e:/program files (x86)/atmel/studio/7.0/toolchain/avr8/avr8-gnu-toolchain/bin/../lib/gcc/avr/4.9.2/../../../../avr/lib/avr51\libc.a(fputc.o)
                0x000019b2                fputc
 .text.avr-libc
                0x00001a22       0xbc e:/program files (x86)/atmel/studio/7.0/toolchain/avr8/avr8-gnu-toolchain/bin/../lib/gcc/avr/4.9.2/../../../../avr/lib/avr51\libc.a(ultoa_invert.o)
                0x00001a22                __ultoa_invert
                0x00001ade                . = ALIGN (0x2)
 *(.fini9)
 .fini9         0x00001ade        0x0 e:/program files (x86)/atmel/studio/7.0/toolchain/avr8/avr8-gnu-toolchain/bin/../lib/gcc/avr/4.9.2/avr51\libgcc.a(_exit.o)
                0x00001ade                _exit
                0x00001ade                exit
 *(.fini9)
 *(.fini8)
 *(.fini8)
 *(.fini7)
 *(.fini7)
 *(.fini6)
 *(.fini6)
 *(.fini5)
 *(.fini5)
 *(.fini4)
 *(.fini4)
 *(.fini3)
 *(.fini3)
 *(.fini2)
 *(.fini2)
 *(.fini1)
 *(.fini1)
 *(.fini0)
 .fini0         0x00001ade        0x4 e:/program files (x86)/atmel/studio/7.0/toolchain/avr8/avr8-gnu-toolchain/bin/../lib/gcc/avr/4.9.2/avr51\libgcc.a(_exit.o)
 *(.fini0)
                0x00001ae2                _etext = .

.data           0x00800100      0x184 load address 0x00001ae2
                0x00800100                PROVIDE (__data_start, .)
 *(.data)
 *(.data*)
 .data.xNextTaskUnblockTime
                0x00800100        0x2 tasks.o
 *(.rodata)
 .rodata        0x00800102        0x2 main.o
 *(.rodata*)
 .rodata.str1.1
                0x00800104       0x7a main.o
 .rodata.T.2553
                0x0080017e      0x100 main.o
 .rodata.str1.1
                0x0080027e        0x5 tasks.o
 *(.gnu.linkonce.d*)
                0x00800284                . = ALIGN (0x2)
 *fill*         0x00800283        0x1 
                0x00800284                _edata = .
                0x00800284                PROVIDE (__data_end, .)

.bss            0x00800284      0x652
                0x00800284                PROVIDE (__bss_start, .)
 *(.bss)
 *(.bss*)
 .bss.xNextFreeByte
                0x00800284        0x2 heap_1.o
 .bss.xHeap     0x00800286      0x5dc heap_1.o
 .bss.dummy.2572
                0x00800862        0x1 main.o
 .bss.backlightTimer
                0x00800863        0x2 main.o
                0x00800863                backlightTimer
 .bss.code_received
                0x00800865        0x1 main.o
                0x00800865                code_received
 .bss.clkLCDEnable
                0x00800866        0x1 main.o
                0x00800866                clkLCDEnable
 .bss.dyear     0x00800867        0x1 main.o
                0x00800867                dyear
 .bss.dmonth    0x00800868        0x1 main.o
                0x00800868                dmonth
 .bss.dday      0x00800869        0x1 main.o
                0x00800869                dday
 .bss.hour      0x0080086a        0x1 main.o
                0x0080086a                hour
 .bss.min       0x0080086b        0x1 main.o
                0x0080086b                min
 .bss.sec       0x0080086c        0x1 main.o
                0x0080086c                sec
 .bss.but_i     0x0080086d        0x1 main.o
                0x0080086d                but_i
 .bss.uxTaskNumber
                0x0080086e        0x1 tasks.o
 .bss.xNumOfOverflows
                0x0080086f        0x1 tasks.o
 .bss.xMissedYield
                0x00800870        0x1 tasks.o
 .bss.uxMissedTicks
                0x00800871        0x1 tasks.o
 .bss.uxSchedulerSuspended
                0x00800872        0x1 tasks.o
 .bss.xSchedulerRunning
                0x00800873        0x1 tasks.o
 .bss.uxTopReadyPriority
                0x00800874        0x1 tasks.o
 .bss.uxTopUsedPriority
                0x00800875        0x1 tasks.o
 .bss.xTickCount
                0x00800876        0x2 tasks.o
 .bss.uxCurrentNumberOfTasks
                0x00800878        0x1 tasks.o
 .bss.uxTasksDeleted
                0x00800879        0x1 tasks.o
 .bss.xTasksWaitingTermination
                0x0080087a        0x9 tasks.o
 .bss.xPendingReadyList
                0x00800883        0x9 tasks.o
 .bss.pxOverflowDelayedTaskList
                0x0080088c        0x2 tasks.o
 .bss.pxDelayedTaskList
                0x0080088e        0x2 tasks.o
 .bss.xDelayedTaskList2
                0x00800890        0x9 tasks.o
 .bss.xDelayedTaskList1
                0x00800899        0x9 tasks.o
 .bss.pxReadyTasksLists
                0x008008a2       0x24 tasks.o
 .bss.pxCurrentTCB
                0x008008c6        0x2 tasks.o
                0x008008c6                pxCurrentTCB
 *(COMMON)
 COMMON         0x008008c8        0xe main.o
                0x008008c8                trns_i
                0x008008c9                button
                0x008008ca                button_state
                0x008008cb                timeDisplay
                0x008008d5                code_mode
                0x008008d6                PROVIDE (__bss_end, .)
                0x00001ae2                __data_load_start = LOADADDR (.data)
                0x00001c66                __data_load_end = (__data_load_start + SIZEOF (.data))

.noinit         0x008008d6        0x0
                [!provide]                PROVIDE (__noinit_start, .)
 *(.noinit*)
                [!provide]                PROVIDE (__noinit_end, .)
                0x008008d6                _end = .
                [!provide]                PROVIDE (__heap_start, .)

.eeprom         0x00810000        0x0
 *(.eeprom*)
                0x00810000                __eeprom_end = .

.fuse
 *(.fuse)
 *(.lfuse)
 *(.hfuse)
 *(.efuse)

.lock
 *(.lock*)

.signature
 *(.signature*)

.user_signatures
 *(.user_signatures*)

.stab
 *(.stab)

.stabstr
 *(.stabstr)

.stab.excl
 *(.stab.excl)

.stab.exclstr
 *(.stab.exclstr)

.stab.index
 *(.stab.index)

.stab.indexstr
 *(.stab.indexstr)

.comment        0x00000000       0x5c
 *(.comment)
 .comment       0x00000000       0x30 heap_1.o
                                 0x31 (size before relaxing)
 .comment       0x00000030       0x31 list.o
 .comment       0x00000030       0x31 main.o
 .comment       0x00000030       0x31 tasks.o
 .comment       0x00000030       0x31 port.o
 .comment       0x00000030       0x31 e:/program files (x86)/atmel/studio/7.0/toolchain/avr8/avr8-gnu-toolchain/bin/../lib/gcc/avr/4.9.2/../../../../avr/lib/avr51\libc.a(sprintf.o)
 .comment       0x00000030       0x2c e:/program files (x86)/atmel/studio/7.0/toolchain/avr8/avr8-gnu-toolchain/bin/../lib/gcc/avr/4.9.2/../../../../avr/lib/avr51\libc.a(vfprintf_std.o)
                                 0x2d (size before relaxing)
 .comment       0x0000005c       0x31 e:/program files (x86)/atmel/studio/7.0/toolchain/avr8/avr8-gnu-toolchain/bin/../lib/gcc/avr/4.9.2/../../../../avr/lib/avr51\libc.a(fputc.o)

.note.gnu.avr.deviceinfo
                0x00000000       0x40
 .note.gnu.avr.deviceinfo
                0x00000000       0x40 E:/Program Files (x86)/Atmel/Studio/7.0/Packs/atmel/ATmega_DFP/1.0.106/gcc/dev/atmega1284/avr51/crtatmega1284.o

.note.gnu.build-id
 *(.note.gnu.build-id)

.debug
 *(.debug)

.line
 *(.line)

.debug_srcinfo
 *(.debug_srcinfo)

.debug_sfnames
 *(.debug_sfnames)

.debug_aranges  0x00000000      0x2c0
 *(.debug_aranges)
 .debug_aranges
                0x00000000       0x38 heap_1.o
 .debug_aranges
                0x00000038       0x40 list.o
 .debug_aranges
                0x00000078      0x148 main.o
 .debug_aranges
                0x000001c0       0xb8 tasks.o
 .debug_aranges
                0x00000278       0x48 port.o

.debug_pubnames
 *(.debug_pubnames)

.debug_info     0x00000000     0x2dad
 *(.debug_info .gnu.linkonce.wi.*)
 .debug_info    0x00000000      0x1a9 heap_1.o
 .debug_info    0x000001a9      0x2c5 list.o
 .debug_info    0x0000046e     0x151a main.o
 .debug_info    0x00001988     0x11e9 tasks.o
 .debug_info    0x00002b71      0x23c port.o

.debug_abbrev   0x00000000      0x978
 *(.debug_abbrev)
 .debug_abbrev  0x00000000      0x14b heap_1.o
 .debug_abbrev  0x0000014b       0xf9 list.o
 .debug_abbrev  0x00000244      0x2d7 main.o
 .debug_abbrev  0x0000051b      0x306 tasks.o
 .debug_abbrev  0x00000821      0x157 port.o

.debug_line     0x00000000     0x28a1
 *(.debug_line .debug_line.* .debug_line_end)
 .debug_line    0x00000000      0x3c1 heap_1.o
 .debug_line    0x000003c1      0x450 list.o
 .debug_line    0x00000811     0x10ff main.o
 .debug_line    0x00001910      0xa79 tasks.o
 .debug_line    0x00002389      0x518 port.o

.debug_frame    0x00000000      0x748
 *(.debug_frame)
 .debug_frame   0x00000000       0x60 heap_1.o
 .debug_frame   0x00000060       0x7c list.o
 .debug_frame   0x000000dc      0x388 main.o
 .debug_frame   0x00000464      0x270 tasks.o
 .debug_frame   0x000006d4       0x74 port.o

.debug_str      0x00000000     0xe518
 *(.debug_str)
 .debug_str     0x00000000     0x898e heap_1.o
                               0x8abb (size before relaxing)
 .debug_str     0x0000898e      0x137 list.o
                               0x87b1 (size before relaxing)
 .debug_str     0x00008ac5     0x41d0 main.o
                               0xcc3e (size before relaxing)
 .debug_str     0x0000cc95      0xff8 tasks.o
                               0xa20f (size before relaxing)
 .debug_str     0x0000dc8d      0x88b port.o
                               0x9655 (size before relaxing)

.debug_loc      0x00000000     0x1e53
 *(.debug_loc)
 .debug_loc     0x00000000       0xf1 heap_1.o
 .debug_loc     0x000000f1       0xfe list.o
 .debug_loc     0x000001ef      0xce4 main.o
 .debug_loc     0x00000ed3      0xcd4 tasks.o
 .debug_loc     0x00001ba7      0x2ac port.o

.debug_macinfo
 *(.debug_macinfo)

.debug_weaknames
 *(.debug_weaknames)

.debug_funcnames
 *(.debug_funcnames)

.debug_typenames
 *(.debug_typenames)

.debug_varnames
 *(.debug_varnames)

.debug_pubtypes
 *(.debug_pubtypes)

.debug_ranges   0x00000000      0x2b8
 *(.debug_ranges)
 .debug_ranges  0x00000000       0x28 heap_1.o
 .debug_ranges  0x00000028       0x30 list.o
 .debug_ranges  0x00000058      0x138 main.o
 .debug_ranges  0x00000190       0xf0 tasks.o
 .debug_ranges  0x00000280       0x38 port.o

.debug_macro    0x00000000     0x1513
 *(.debug_macro)
 .debug_macro   0x00000000      0x115 heap_1.o
 .debug_macro   0x00000115       0x1c heap_1.o
 .debug_macro   0x00000131      0x10e heap_1.o
 .debug_macro   0x0000023f       0x66 heap_1.o
 .debug_macro   0x000002a5       0x7f heap_1.o
 .debug_macro   0x00000324       0xfa list.o
 .debug_macro   0x0000041e      0x1c6 main.o
 .debug_macro   0x000005e4      0x302 main.o
 .debug_macro   0x000008e6       0x58 main.o
 .debug_macro   0x0000093e       0x10 main.o
 .debug_macro   0x0000094e       0x20 main.o
 .debug_macro   0x0000096e       0xf2 main.o
 .debug_macro   0x00000a60       0x22 main.o
 .debug_macro   0x00000a82       0x16 main.o
 .debug_macro   0x00000a98      0x160 main.o
 .debug_macro   0x00000bf8       0xaa main.o
 .debug_macro   0x00000ca2       0x69 main.o
 .debug_macro   0x00000d0b       0x33 main.o
 .debug_macro   0x00000d3e       0x10 main.o
 .debug_macro   0x00000d4e       0x35 main.o
 .debug_macro   0x00000d83      0x175 main.o
 .debug_macro   0x00000ef8       0x8e main.o
 .debug_macro   0x00000f86       0x46 main.o
 .debug_macro   0x00000fcc       0x2e main.o
 .debug_macro   0x00000ffa       0x16 main.o
 .debug_macro   0x00001010       0x1c main.o
 .debug_macro   0x0000102c      0x1a8 tasks.o
 .debug_macro   0x000011d4       0x97 tasks.o
 .debug_macro   0x0000126b       0x97 tasks.o
 .debug_macro   0x00001302       0x5b tasks.o
 .debug_macro   0x0000135d       0x16 tasks.o
 .debug_macro   0x00001373      0x13d port.o
 .debug_macro   0x000014b0       0x63 port.o
OUTPUT(Lab1.elf elf32-avr)
LOAD linker stubs
