Archive member included to satisfy reference by file (symbol)

e:/program files (x86)/atmel/studio/7.0/toolchain/avr8/avr8-gnu-toolchain/bin/../lib/gcc/avr/4.9.2/avr51\libgcc.a(_exit.o)
                              E:/Program Files (x86)/Atmel/Studio/7.0/Packs/atmel/ATmega_DFP/1.0.106/gcc/dev/atmega1284/avr51/crtatmega1284.o (exit)
e:/program files (x86)/atmel/studio/7.0/toolchain/avr8/avr8-gnu-toolchain/bin/../lib/gcc/avr/4.9.2/avr51\libgcc.a(_copy_data.o)
                              main.o (__do_copy_data)
e:/program files (x86)/atmel/studio/7.0/toolchain/avr8/avr8-gnu-toolchain/bin/../lib/gcc/avr/4.9.2/avr51\libgcc.a(_clear_bss.o)
                              croutine.o (__do_clear_bss)
e:/program files (x86)/atmel/studio/7.0/toolchain/avr8/avr8-gnu-toolchain/bin/../lib/gcc/avr/4.9.2/../../../../avr/lib/avr51\libc.a(atoi.o)
                              main.o (atoi)
e:/program files (x86)/atmel/studio/7.0/toolchain/avr8/avr8-gnu-toolchain/bin/../lib/gcc/avr/4.9.2/../../../../avr/lib/avr51\libc.a(memcpy.o)
                              queue.o (memcpy)
e:/program files (x86)/atmel/studio/7.0/toolchain/avr8/avr8-gnu-toolchain/bin/../lib/gcc/avr/4.9.2/../../../../avr/lib/avr51\libc.a(memset.o)
                              tasks.o (memset)
e:/program files (x86)/atmel/studio/7.0/toolchain/avr8/avr8-gnu-toolchain/bin/../lib/gcc/avr/4.9.2/../../../../avr/lib/avr51\libc.a(strncpy.o)
                              tasks.o (strncpy)
e:/program files (x86)/atmel/studio/7.0/toolchain/avr8/avr8-gnu-toolchain/bin/../lib/gcc/avr/4.9.2/../../../../avr/lib/avr51\libc.a(mul10.o)
                              e:/program files (x86)/atmel/studio/7.0/toolchain/avr8/avr8-gnu-toolchain/bin/../lib/gcc/avr/4.9.2/../../../../avr/lib/avr51\libc.a(atoi.o) (__mulhi_const_10)
e:/program files (x86)/atmel/studio/7.0/toolchain/avr8/avr8-gnu-toolchain/bin/../lib/gcc/avr/4.9.2/../../../../avr/lib/avr51\libc.a(sprintf.o)
                              main.o (sprintf)
e:/program files (x86)/atmel/studio/7.0/toolchain/avr8/avr8-gnu-toolchain/bin/../lib/gcc/avr/4.9.2/../../../../avr/lib/avr51\libc.a(vfprintf_std.o)
                              e:/program files (x86)/atmel/studio/7.0/toolchain/avr8/avr8-gnu-toolchain/bin/../lib/gcc/avr/4.9.2/../../../../avr/lib/avr51\libc.a(sprintf.o) (vfprintf)
e:/program files (x86)/atmel/studio/7.0/toolchain/avr8/avr8-gnu-toolchain/bin/../lib/gcc/avr/4.9.2/../../../../avr/lib/avr51\libc.a(strnlen_P.o)
                              e:/program files (x86)/atmel/studio/7.0/toolchain/avr8/avr8-gnu-toolchain/bin/../lib/gcc/avr/4.9.2/../../../../avr/lib/avr51\libc.a(vfprintf_std.o) (strnlen_P)
e:/program files (x86)/atmel/studio/7.0/toolchain/avr8/avr8-gnu-toolchain/bin/../lib/gcc/avr/4.9.2/../../../../avr/lib/avr51\libc.a(strnlen.o)
                              e:/program files (x86)/atmel/studio/7.0/toolchain/avr8/avr8-gnu-toolchain/bin/../lib/gcc/avr/4.9.2/../../../../avr/lib/avr51\libc.a(vfprintf_std.o) (strnlen)
e:/program files (x86)/atmel/studio/7.0/toolchain/avr8/avr8-gnu-toolchain/bin/../lib/gcc/avr/4.9.2/../../../../avr/lib/avr51\libc.a(fputc.o)
                              e:/program files (x86)/atmel/studio/7.0/toolchain/avr8/avr8-gnu-toolchain/bin/../lib/gcc/avr/4.9.2/../../../../avr/lib/avr51\libc.a(vfprintf_std.o) (fputc)
e:/program files (x86)/atmel/studio/7.0/toolchain/avr8/avr8-gnu-toolchain/bin/../lib/gcc/avr/4.9.2/../../../../avr/lib/avr51\libc.a(ultoa_invert.o)
                              e:/program files (x86)/atmel/studio/7.0/toolchain/avr8/avr8-gnu-toolchain/bin/../lib/gcc/avr/4.9.2/../../../../avr/lib/avr51\libc.a(vfprintf_std.o) (__ultoa_invert)

Allocating common symbols
Common symbol       size              file

trns_i              0x1               main.o
button              0x1               main.o
button_state        0x1               main.o
timeDisplay         0xa               main.o
code_mode           0x1               main.o

Discarded input sections

 .data          0x00000000        0x0 E:/Program Files (x86)/Atmel/Studio/7.0/Packs/atmel/ATmega_DFP/1.0.106/gcc/dev/atmega1284/avr51/crtatmega1284.o
 .bss           0x00000000        0x0 E:/Program Files (x86)/Atmel/Studio/7.0/Packs/atmel/ATmega_DFP/1.0.106/gcc/dev/atmega1284/avr51/crtatmega1284.o
 .group         0x00000000        0x8 croutine.o
 .group         0x00000000        0x8 croutine.o
 .group         0x00000000        0x8 croutine.o
 .group         0x00000000        0x8 croutine.o
 .group         0x00000000        0x8 croutine.o
 .group         0x00000000        0x8 croutine.o
 .group         0x00000000        0x8 croutine.o
 .group         0x00000000        0x8 croutine.o
 .group         0x00000000        0x8 croutine.o
 .group         0x00000000        0x8 croutine.o
 .group         0x00000000        0x8 croutine.o
 .group         0x00000000        0x8 croutine.o
 .group         0x00000000        0x8 croutine.o
 .group         0x00000000        0x8 croutine.o
 .group         0x00000000        0x8 croutine.o
 .group         0x00000000        0x8 croutine.o
 .group         0x00000000        0x8 croutine.o
 .group         0x00000000        0x8 croutine.o
 .group         0x00000000        0x8 croutine.o
 .group         0x00000000        0x8 croutine.o
 .group         0x00000000        0x8 croutine.o
 .text          0x00000000        0x0 croutine.o
 .data          0x00000000        0x0 croutine.o
 .bss           0x00000000        0x0 croutine.o
 .text.xCoRoutineCreate
                0x00000000       0xf0 croutine.o
 .text.vCoRoutineAddToDelayedList
                0x00000000       0x86 croutine.o
 .text.vCoRoutineSchedule
                0x00000000      0x27a croutine.o
 .text.xCoRoutineRemoveFromEventList
                0x00000000       0x4a croutine.o
 .bss.xPassedTicks
                0x00000000        0x2 croutine.o
 .bss.xLastTickCount
                0x00000000        0x2 croutine.o
 .bss.xCoRoutineTickCount
                0x00000000        0x2 croutine.o
 .bss.uxTopCoRoutineReadyPriority
                0x00000000        0x1 croutine.o
 .bss.pxCurrentCoRoutine
                0x00000000        0x2 croutine.o
 .bss.xPendingReadyCoRoutineList
                0x00000000        0x9 croutine.o
 .bss.pxOverflowDelayedCoRoutineList
                0x00000000        0x2 croutine.o
 .bss.pxDelayedCoRoutineList
                0x00000000        0x2 croutine.o
 .bss.xDelayedCoRoutineList2
                0x00000000        0x9 croutine.o
 .bss.xDelayedCoRoutineList1
                0x00000000        0x9 croutine.o
 .bss.pxReadyCoRoutineLists
                0x00000000       0x12 croutine.o
 .debug_info    0x00000000      0x7c6 croutine.o
 .debug_abbrev  0x00000000      0x24c croutine.o
 .debug_loc     0x00000000      0x3eb croutine.o
 .debug_aranges
                0x00000000       0x38 croutine.o
 .debug_ranges  0x00000000       0x28 croutine.o
 .debug_macro   0x00000000      0x107 croutine.o
 .debug_macro   0x00000000      0xa66 croutine.o
 .debug_macro   0x00000000      0x166 croutine.o
 .debug_macro   0x00000000       0x46 croutine.o
 .debug_macro   0x00000000       0x10 croutine.o
 .debug_macro   0x00000000      0x1c9 croutine.o
 .debug_macro   0x00000000      0x2fc croutine.o
 .debug_macro   0x00000000       0x9e croutine.o
 .debug_macro   0x00000000     0x13f6 croutine.o
 .debug_macro   0x00000000      0x171 croutine.o
 .debug_macro   0x00000000       0xcb croutine.o
 .debug_macro   0x00000000       0x34 croutine.o
 .debug_macro   0x00000000       0x18 croutine.o
 .debug_macro   0x00000000       0x6c croutine.o
 .debug_macro   0x00000000       0x88 croutine.o
 .debug_macro   0x00000000       0x7f croutine.o
 .debug_macro   0x00000000       0x12 croutine.o
 .debug_macro   0x00000000       0x1f croutine.o
 .debug_macro   0x00000000      0x211 croutine.o
 .debug_macro   0x00000000       0x49 croutine.o
 .debug_macro   0x00000000       0x57 croutine.o
 .debug_macro   0x00000000       0x49 croutine.o
 .debug_line    0x00000000      0x570 croutine.o
 .debug_str     0x00000000     0x928f croutine.o
 .comment       0x00000000       0x31 croutine.o
 .debug_frame   0x00000000       0xc0 croutine.o
 .group         0x00000000        0x8 heap_1.o
 .group         0x00000000        0x8 heap_1.o
 .group         0x00000000        0x8 heap_1.o
 .group         0x00000000        0x8 heap_1.o
 .group         0x00000000        0x8 heap_1.o
 .group         0x00000000        0x8 heap_1.o
 .group         0x00000000        0x8 heap_1.o
 .group         0x00000000        0x8 heap_1.o
 .group         0x00000000        0x8 heap_1.o
 .group         0x00000000        0x8 heap_1.o
 .group         0x00000000        0x8 heap_1.o
 .group         0x00000000        0x8 heap_1.o
 .group         0x00000000        0x8 heap_1.o
 .group         0x00000000        0x8 heap_1.o
 .group         0x00000000        0x8 heap_1.o
 .group         0x00000000        0x8 heap_1.o
 .group         0x00000000        0x8 heap_1.o
 .group         0x00000000        0x8 heap_1.o
 .group         0x00000000        0x8 heap_1.o
 .group         0x00000000        0x8 heap_1.o
 .group         0x00000000        0x8 heap_1.o
 .group         0x00000000        0x8 heap_1.o
 .group         0x00000000        0x8 heap_1.o
 .text          0x00000000        0x0 heap_1.o
 .data          0x00000000        0x0 heap_1.o
 .bss           0x00000000        0x0 heap_1.o
 .text.vPortInitialiseBlocks
                0x00000000        0xa heap_1.o
 .text.xPortGetFreeHeapSize
                0x00000000       0x12 heap_1.o
 .debug_macro   0x00000000      0xa66 heap_1.o
 .debug_macro   0x00000000       0x46 heap_1.o
 .debug_macro   0x00000000       0x10 heap_1.o
 .debug_macro   0x00000000      0x1c9 heap_1.o
 .debug_macro   0x00000000      0x2fc heap_1.o
 .debug_macro   0x00000000       0x9e heap_1.o
 .debug_macro   0x00000000     0x13f6 heap_1.o
 .debug_macro   0x00000000      0x171 heap_1.o
 .debug_macro   0x00000000       0xcb heap_1.o
 .debug_macro   0x00000000       0x34 heap_1.o
 .debug_macro   0x00000000       0x18 heap_1.o
 .debug_macro   0x00000000       0x6c heap_1.o
 .debug_macro   0x00000000       0x88 heap_1.o
 .debug_macro   0x00000000       0x7f heap_1.o
 .debug_macro   0x00000000       0x12 heap_1.o
 .debug_macro   0x00000000       0x1f heap_1.o
 .debug_macro   0x00000000      0x211 heap_1.o
 .debug_macro   0x00000000       0x49 heap_1.o
 .debug_macro   0x00000000       0x57 heap_1.o
 .group         0x00000000        0x8 list.o
 .group         0x00000000        0x8 list.o
 .group         0x00000000        0x8 list.o
 .group         0x00000000        0x8 list.o
 .group         0x00000000        0x8 list.o
 .group         0x00000000        0x8 list.o
 .group         0x00000000        0x8 list.o
 .group         0x00000000        0x8 list.o
 .group         0x00000000        0x8 list.o
 .group         0x00000000        0x8 list.o
 .group         0x00000000        0x8 list.o
 .group         0x00000000        0x8 list.o
 .group         0x00000000        0x8 list.o
 .group         0x00000000        0x8 list.o
 .group         0x00000000        0x8 list.o
 .group         0x00000000        0x8 list.o
 .group         0x00000000        0x8 list.o
 .group         0x00000000        0x8 list.o
 .group         0x00000000        0x8 list.o
 .group         0x00000000        0x8 list.o
 .group         0x00000000        0x8 list.o
 .group         0x00000000        0x8 list.o
 .text          0x00000000        0x0 list.o
 .data          0x00000000        0x0 list.o
 .bss           0x00000000        0x0 list.o
 .debug_macro   0x00000000      0xa66 list.o
 .debug_macro   0x00000000       0x1c list.o
 .debug_macro   0x00000000      0x10e list.o
 .debug_macro   0x00000000       0x66 list.o
 .debug_macro   0x00000000       0x7f list.o
 .debug_macro   0x00000000       0x46 list.o
 .debug_macro   0x00000000       0x10 list.o
 .debug_macro   0x00000000      0x1c9 list.o
 .debug_macro   0x00000000      0x2fc list.o
 .debug_macro   0x00000000       0x9e list.o
 .debug_macro   0x00000000     0x13f6 list.o
 .debug_macro   0x00000000      0x171 list.o
 .debug_macro   0x00000000       0xcb list.o
 .debug_macro   0x00000000       0x34 list.o
 .debug_macro   0x00000000       0x18 list.o
 .debug_macro   0x00000000       0x6c list.o
 .debug_macro   0x00000000       0x88 list.o
 .debug_macro   0x00000000       0x7f list.o
 .debug_macro   0x00000000       0x12 list.o
 .debug_macro   0x00000000       0x1f list.o
 .debug_macro   0x00000000      0x211 list.o
 .debug_macro   0x00000000       0x49 list.o
 .group         0x00000000        0x8 main.o
 .group         0x00000000        0x8 main.o
 .group         0x00000000        0x8 main.o
 .group         0x00000000        0x8 main.o
 .group         0x00000000        0x8 main.o
 .group         0x00000000        0x8 main.o
 .group         0x00000000        0x8 main.o
 .group         0x00000000        0x8 main.o
 .group         0x00000000        0x8 main.o
 .group         0x00000000        0x8 main.o
 .group         0x00000000        0x8 main.o
 .group         0x00000000        0x8 main.o
 .group         0x00000000        0x8 main.o
 .group         0x00000000        0x8 main.o
 .group         0x00000000        0x8 main.o
 .group         0x00000000        0x8 main.o
 .group         0x00000000        0x8 main.o
 .group         0x00000000        0x8 main.o
 .group         0x00000000        0x8 main.o
 .group         0x00000000        0x8 main.o
 .group         0x00000000        0x8 main.o
 .group         0x00000000        0x8 main.o
 .group         0x00000000        0x8 main.o
 .group         0x00000000        0x8 main.o
 .group         0x00000000        0x8 main.o
 .group         0x00000000        0x8 main.o
 .group         0x00000000        0x8 main.o
 .group         0x00000000        0x8 main.o
 .group         0x00000000        0x8 main.o
 .group         0x00000000        0x8 main.o
 .group         0x00000000        0x8 main.o
 .group         0x00000000        0x8 main.o
 .group         0x00000000        0x8 main.o
 .group         0x00000000        0x8 main.o
 .group         0x00000000        0x8 main.o
 .group         0x00000000        0x8 main.o
 .group         0x00000000        0x8 main.o
 .group         0x00000000        0x8 main.o
 .group         0x00000000        0x8 main.o
 .text          0x00000000        0x0 main.o
 .data          0x00000000        0x0 main.o
 .bss           0x00000000        0x0 main.o
 .text.sr_init  0x00000000        0x6 main.o
 .text.transmit_data
                0x00000000       0x44 main.o
 .text.LCD_DisplayString
                0x00000000       0x38 main.o
 .text.checksum
                0x00000000       0x48 main.o
 .text.USART_IsSendReady
                0x00000000       0x14 main.o
 .text.USART_HasTransmitted
                0x00000000       0x14 main.o
 .text.ClockPrint_Init
                0x00000000        0x2 main.o
 .rodata.T.2553
                0x00000000      0x100 main.o
 .debug_macro   0x00000000      0xa66 main.o
 .debug_macro   0x00000000      0x1c9 main.o
 .debug_macro   0x00000000       0x1c main.o
 .debug_macro   0x00000000      0x10e main.o
 .debug_macro   0x00000000       0x66 main.o
 .debug_macro   0x00000000     0x13f6 main.o
 .debug_macro   0x00000000      0x171 main.o
 .debug_macro   0x00000000       0xcb main.o
 .debug_macro   0x00000000       0x34 main.o
 .debug_macro   0x00000000       0x18 main.o
 .debug_macro   0x00000000       0x6c main.o
 .debug_macro   0x00000000       0x7f main.o
 .debug_macro   0x00000000       0x46 main.o
 .debug_macro   0x00000000       0x7f main.o
 .debug_macro   0x00000000       0x12 main.o
 .debug_macro   0x00000000       0x1f main.o
 .debug_macro   0x00000000      0x211 main.o
 .debug_macro   0x00000000       0x49 main.o
 .debug_macro   0x00000000       0x57 main.o
 .debug_macro   0x00000000       0x49 main.o
 .group         0x00000000        0x8 tasks.o
 .group         0x00000000        0x8 tasks.o
 .group         0x00000000        0x8 tasks.o
 .group         0x00000000        0x8 tasks.o
 .group         0x00000000        0x8 tasks.o
 .group         0x00000000        0x8 tasks.o
 .group         0x00000000        0x8 tasks.o
 .group         0x00000000        0x8 tasks.o
 .group         0x00000000        0x8 tasks.o
 .group         0x00000000        0x8 tasks.o
 .group         0x00000000        0x8 tasks.o
 .group         0x00000000        0x8 tasks.o
 .group         0x00000000        0x8 tasks.o
 .group         0x00000000        0x8 tasks.o
 .group         0x00000000        0x8 tasks.o
 .group         0x00000000        0x8 tasks.o
 .group         0x00000000        0x8 tasks.o
 .group         0x00000000        0x8 tasks.o
 .group         0x00000000        0x8 tasks.o
 .group         0x00000000        0x8 tasks.o
 .group         0x00000000        0x8 tasks.o
 .group         0x00000000        0x8 tasks.o
 .group         0x00000000        0x8 tasks.o
 .group         0x00000000        0x8 tasks.o
 .group         0x00000000        0x8 tasks.o
 .group         0x00000000        0x8 tasks.o
 .group         0x00000000        0x8 tasks.o
 .group         0x00000000        0x8 tasks.o
 .group         0x00000000        0x8 tasks.o
 .group         0x00000000        0x8 tasks.o
 .text          0x00000000        0x0 tasks.o
 .data          0x00000000        0x0 tasks.o
 .bss           0x00000000        0x0 tasks.o
 .text.vTaskDelete
                0x00000000       0x92 tasks.o
 .text.vTaskEndScheduler
                0x00000000        0xc tasks.o
 .text.xTaskGetTickCount
                0x00000000       0x14 tasks.o
 .text.xTaskGetTickCountFromISR
                0x00000000        0xa tasks.o
 .text.uxTaskGetNumberOfTasks
                0x00000000        0x6 tasks.o
 .text.vTaskDelayUntil
                0x00000000       0x94 tasks.o
 .text.vTaskPlaceOnEventList
                0x00000000       0x3c tasks.o
 .text.xTaskRemoveFromEventList
                0x00000000       0x8a tasks.o
 .text.vTaskSetTimeOutState
                0x00000000       0x16 tasks.o
 .text.xTaskCheckForTimeOut
                0x00000000       0x6e tasks.o
 .text.vTaskMissedYield
                0x00000000        0x8 tasks.o
 .debug_macro   0x00000000      0xa66 tasks.o
 .debug_macro   0x00000000      0x1c9 tasks.o
 .debug_macro   0x00000000      0x2fc tasks.o
 .debug_macro   0x00000000       0x58 tasks.o
 .debug_macro   0x00000000       0x10 tasks.o
 .debug_macro   0x00000000       0xf2 tasks.o
 .debug_macro   0x00000000       0x1c tasks.o
 .debug_macro   0x00000000       0x66 tasks.o
 .debug_macro   0x00000000       0x16 tasks.o
 .debug_macro   0x00000000       0x20 tasks.o
 .debug_macro   0x00000000       0x7f tasks.o
 .debug_macro   0x00000000       0x46 tasks.o
 .debug_macro   0x00000000       0xaa tasks.o
 .debug_macro   0x00000000     0x13f6 tasks.o
 .debug_macro   0x00000000      0x171 tasks.o
 .debug_macro   0x00000000       0xcb tasks.o
 .debug_macro   0x00000000       0x34 tasks.o
 .debug_macro   0x00000000       0x18 tasks.o
 .debug_macro   0x00000000       0x6c tasks.o
 .debug_macro   0x00000000       0x88 tasks.o
 .debug_macro   0x00000000       0x7f tasks.o
 .debug_macro   0x00000000       0x12 tasks.o
 .debug_macro   0x00000000       0x1f tasks.o
 .debug_macro   0x00000000      0x211 tasks.o
 .debug_macro   0x00000000       0x49 tasks.o
 .debug_macro   0x00000000       0x57 tasks.o
 .group         0x00000000        0x8 timers.o
 .group         0x00000000        0x8 timers.o
 .group         0x00000000        0x8 timers.o
 .group         0x00000000        0x8 timers.o
 .group         0x00000000        0x8 timers.o
 .group         0x00000000        0x8 timers.o
 .group         0x00000000        0x8 timers.o
 .group         0x00000000        0x8 timers.o
 .group         0x00000000        0x8 timers.o
 .group         0x00000000        0x8 timers.o
 .group         0x00000000        0x8 timers.o
 .group         0x00000000        0x8 timers.o
 .group         0x00000000        0x8 timers.o
 .group         0x00000000        0x8 timers.o
 .group         0x00000000        0x8 timers.o
 .group         0x00000000        0x8 timers.o
 .group         0x00000000        0x8 timers.o
 .group         0x00000000        0x8 timers.o
 .group         0x00000000        0x8 timers.o
 .group         0x00000000        0x8 timers.o
 .group         0x00000000        0x8 timers.o
 .group         0x00000000        0x8 timers.o
 .text          0x00000000        0x0 timers.o
 .data          0x00000000        0x0 timers.o
 .bss           0x00000000        0x0 timers.o
 .debug_info    0x00000000       0x6f timers.o
 .debug_abbrev  0x00000000       0x29 timers.o
 .debug_aranges
                0x00000000       0x18 timers.o
 .debug_macro   0x00000000      0x11a timers.o
 .debug_macro   0x00000000      0xa66 timers.o
 .debug_macro   0x00000000      0x166 timers.o
 .debug_macro   0x00000000       0x46 timers.o
 .debug_macro   0x00000000       0x10 timers.o
 .debug_macro   0x00000000      0x1c9 timers.o
 .debug_macro   0x00000000      0x2fc timers.o
 .debug_macro   0x00000000       0x9e timers.o
 .debug_macro   0x00000000     0x13f6 timers.o
 .debug_macro   0x00000000      0x171 timers.o
 .debug_macro   0x00000000       0xcb timers.o
 .debug_macro   0x00000000       0x34 timers.o
 .debug_macro   0x00000000       0x18 timers.o
 .debug_macro   0x00000000       0x6c timers.o
 .debug_macro   0x00000000       0x88 timers.o
 .debug_macro   0x00000000       0x7f timers.o
 .debug_macro   0x00000000       0x12 timers.o
 .debug_macro   0x00000000       0x1f timers.o
 .debug_macro   0x00000000      0x211 timers.o
 .debug_macro   0x00000000       0x49 timers.o
 .debug_macro   0x00000000       0x57 timers.o
 .debug_macro   0x00000000       0x96 timers.o
 .debug_macro   0x00000000       0x5b timers.o
 .debug_line    0x00000000      0x340 timers.o
 .debug_str     0x00000000     0x95f5 timers.o
 .comment       0x00000000       0x31 timers.o
 .group         0x00000000        0x8 port.o
 .group         0x00000000        0x8 port.o
 .group         0x00000000        0x8 port.o
 .group         0x00000000        0x8 port.o
 .group         0x00000000        0x8 port.o
 .group         0x00000000        0x8 port.o
 .group         0x00000000        0x8 port.o
 .group         0x00000000        0x8 port.o
 .group         0x00000000        0x8 port.o
 .group         0x00000000        0x8 port.o
 .group         0x00000000        0x8 port.o
 .group         0x00000000        0x8 port.o
 .group         0x00000000        0x8 port.o
 .group         0x00000000        0x8 port.o
 .group         0x00000000        0x8 port.o
 .group         0x00000000        0x8 port.o
 .group         0x00000000        0x8 port.o
 .group         0x00000000        0x8 port.o
 .group         0x00000000        0x8 port.o
 .group         0x00000000        0x8 port.o
 .group         0x00000000        0x8 port.o
 .group         0x00000000        0x8 port.o
 .group         0x00000000        0x8 port.o
 .group         0x00000000        0x8 port.o
 .text          0x00000000        0x0 port.o
 .data          0x00000000        0x0 port.o
 .bss           0x00000000        0x0 port.o
 .text.vPortEndScheduler
                0x00000000        0x2 port.o
 .debug_macro   0x00000000      0xa66 port.o
 .debug_macro   0x00000000       0x1c port.o
 .debug_macro   0x00000000      0x10e port.o
 .debug_macro   0x00000000       0x66 port.o
 .debug_macro   0x00000000       0x10 port.o
 .debug_macro   0x00000000      0x1c9 port.o
 .debug_macro   0x00000000      0x2fc port.o
 .debug_macro   0x00000000       0x9e port.o
 .debug_macro   0x00000000     0x13f6 port.o
 .debug_macro   0x00000000      0x171 port.o
 .debug_macro   0x00000000       0xcb port.o
 .debug_macro   0x00000000       0x34 port.o
 .debug_macro   0x00000000       0x18 port.o
 .debug_macro   0x00000000       0x6c port.o
 .debug_macro   0x00000000       0x7f port.o
 .debug_macro   0x00000000       0x46 port.o
 .debug_macro   0x00000000       0x8e port.o
 .debug_macro   0x00000000       0x7f port.o
 .debug_macro   0x00000000       0x12 port.o
 .debug_macro   0x00000000       0x1f port.o
 .debug_macro   0x00000000      0x211 port.o
 .debug_macro   0x00000000       0x49 port.o
 .debug_macro   0x00000000       0x57 port.o
 .group         0x00000000        0x8 queue.o
 .group         0x00000000        0x8 queue.o
 .group         0x00000000        0x8 queue.o
 .group         0x00000000        0x8 queue.o
 .group         0x00000000        0x8 queue.o
 .group         0x00000000        0x8 queue.o
 .group         0x00000000        0x8 queue.o
 .group         0x00000000        0x8 queue.o
 .group         0x00000000        0x8 queue.o
 .group         0x00000000        0x8 queue.o
 .group         0x00000000        0x8 queue.o
 .group         0x00000000        0x8 queue.o
 .group         0x00000000        0x8 queue.o
 .group         0x00000000        0x8 queue.o
 .group         0x00000000        0x8 queue.o
 .group         0x00000000        0x8 queue.o
 .group         0x00000000        0x8 queue.o
 .group         0x00000000        0x8 queue.o
 .group         0x00000000        0x8 queue.o
 .group         0x00000000        0x8 queue.o
 .group         0x00000000        0x8 queue.o
 .group         0x00000000        0x8 queue.o
 .group         0x00000000        0x8 queue.o
 .group         0x00000000        0x8 queue.o
 .group         0x00000000        0x8 queue.o
 .group         0x00000000        0x8 queue.o
 .text          0x00000000        0x0 queue.o
 .data          0x00000000        0x0 queue.o
 .bss           0x00000000        0x0 queue.o
 .text.prvCopyDataToQueue
                0x00000000       0x82 queue.o
 .text.prvCopyDataFromQueue
                0x00000000       0x34 queue.o
 .text.prvUnlockQueue
                0x00000000       0x94 queue.o
 .text.xQueueGenericReset
                0x00000000       0x70 queue.o
 .text.xQueueGenericCreate
                0x00000000       0x5c queue.o
 .text.xQueueGenericSend
                0x00000000      0x134 queue.o
 .text.xQueueGenericSendFromISR
                0x00000000       0x58 queue.o
 .text.xQueueGenericReceive
                0x00000000      0x158 queue.o
 .text.xQueueReceiveFromISR
                0x00000000       0x5a queue.o
 .text.uxQueueMessagesWaiting
                0x00000000       0x10 queue.o
 .text.uxQueueMessagesWaitingFromISR
                0x00000000        0x6 queue.o
 .text.vQueueDelete
                0x00000000       0x1a queue.o
 .text.xQueueIsQueueEmptyFromISR
                0x00000000        0xc queue.o
 .text.xQueueIsQueueFullFromISR
                0x00000000        0xe queue.o
 .text.xQueueCRSend
                0x00000000       0x74 queue.o
 .text.xQueueCRReceive
                0x00000000       0x94 queue.o
 .text.xQueueCRSendFromISR
                0x00000000       0x48 queue.o
 .text.xQueueCRReceiveFromISR
                0x00000000       0x82 queue.o
 .debug_info    0x00000000     0x1016 queue.o
 .debug_abbrev  0x00000000      0x24d queue.o
 .debug_loc     0x00000000     0x13c7 queue.o
 .debug_aranges
                0x00000000       0xa8 queue.o
 .debug_ranges  0x00000000       0x98 queue.o
 .debug_macro   0x00000000      0x1a3 queue.o
 .debug_macro   0x00000000      0xa66 queue.o
 .debug_macro   0x00000000       0x1c queue.o
 .debug_macro   0x00000000      0x10e queue.o
 .debug_macro   0x00000000       0x66 queue.o
 .debug_macro   0x00000000       0x16 queue.o
 .debug_macro   0x00000000       0x20 queue.o
 .debug_macro   0x00000000       0x7f queue.o
 .debug_macro   0x00000000       0x46 queue.o
 .debug_macro   0x00000000       0x10 queue.o
 .debug_macro   0x00000000      0x1c9 queue.o
 .debug_macro   0x00000000      0x2fc queue.o
 .debug_macro   0x00000000       0x9e queue.o
 .debug_macro   0x00000000     0x13f6 queue.o
 .debug_macro   0x00000000      0x171 queue.o
 .debug_macro   0x00000000       0xcb queue.o
 .debug_macro   0x00000000       0x34 queue.o
 .debug_macro   0x00000000       0x18 queue.o
 .debug_macro   0x00000000       0x6c queue.o
 .debug_macro   0x00000000       0x88 queue.o
 .debug_macro   0x00000000       0x7f queue.o
 .debug_macro   0x00000000       0x12 queue.o
 .debug_macro   0x00000000       0x1f queue.o
 .debug_macro   0x00000000      0x211 queue.o
 .debug_macro   0x00000000       0x49 queue.o
 .debug_macro   0x00000000       0x57 queue.o
 .debug_macro   0x00000000       0x49 queue.o
 .debug_line    0x00000000      0xa95 queue.o
 .debug_str     0x00000000     0x9a20 queue.o
 .comment       0x00000000       0x31 queue.o
 .debug_frame   0x00000000      0x264 queue.o
 .group         0x00000000        0x8 src/ASF/common/boards/user_board/init.o
 .group         0x00000000        0x8 src/ASF/common/boards/user_board/init.o
 .group         0x00000000        0x8 src/ASF/common/boards/user_board/init.o
 .group         0x00000000        0x8 src/ASF/common/boards/user_board/init.o
 .group         0x00000000        0x8 src/ASF/common/boards/user_board/init.o
 .group         0x00000000        0x8 src/ASF/common/boards/user_board/init.o
 .group         0x00000000        0x8 src/ASF/common/boards/user_board/init.o
 .group         0x00000000        0x8 src/ASF/common/boards/user_board/init.o
 .group         0x00000000        0x8 src/ASF/common/boards/user_board/init.o
 .group         0x00000000        0x8 src/ASF/common/boards/user_board/init.o
 .group         0x00000000        0x8 src/ASF/common/boards/user_board/init.o
 .group         0x00000000        0x8 src/ASF/common/boards/user_board/init.o
 .group         0x00000000        0x8 src/ASF/common/boards/user_board/init.o
 .group         0x00000000        0x8 src/ASF/common/boards/user_board/init.o
 .group         0x00000000        0x8 src/ASF/common/boards/user_board/init.o
 .group         0x00000000        0x8 src/ASF/common/boards/user_board/init.o
 .group         0x00000000        0x8 src/ASF/common/boards/user_board/init.o
 .group         0x00000000        0x8 src/ASF/common/boards/user_board/init.o
 .group         0x00000000        0x8 src/ASF/common/boards/user_board/init.o
 .group         0x00000000        0x8 src/ASF/common/boards/user_board/init.o
 .group         0x00000000        0x8 src/ASF/common/boards/user_board/init.o
 .group         0x00000000        0x8 src/ASF/common/boards/user_board/init.o
 .group         0x00000000        0x8 src/ASF/common/boards/user_board/init.o
 .group         0x00000000        0x8 src/ASF/common/boards/user_board/init.o
 .group         0x00000000        0x8 src/ASF/common/boards/user_board/init.o
 .text          0x00000000        0x0 src/ASF/common/boards/user_board/init.o
 .data          0x00000000        0x0 src/ASF/common/boards/user_board/init.o
 .bss           0x00000000        0x0 src/ASF/common/boards/user_board/init.o
 .text.board_init
                0x00000000        0x2 src/ASF/common/boards/user_board/init.o
 .debug_info    0x00000000       0x7c src/ASF/common/boards/user_board/init.o
 .debug_abbrev  0x00000000       0x47 src/ASF/common/boards/user_board/init.o
 .debug_aranges
                0x00000000       0x20 src/ASF/common/boards/user_board/init.o
 .debug_ranges  0x00000000       0x10 src/ASF/common/boards/user_board/init.o
 .debug_macro   0x00000000      0x152 src/ASF/common/boards/user_board/init.o
 .debug_macro   0x00000000      0xa66 src/ASF/common/boards/user_board/init.o
 .debug_macro   0x00000000       0x10 src/ASF/common/boards/user_board/init.o
 .debug_macro   0x00000000      0x1c9 src/ASF/common/boards/user_board/init.o
 .debug_macro   0x00000000      0x2fc src/ASF/common/boards/user_board/init.o
 .debug_macro   0x00000000       0x9e src/ASF/common/boards/user_board/init.o
 .debug_macro   0x00000000     0x13f6 src/ASF/common/boards/user_board/init.o
 .debug_macro   0x00000000      0x171 src/ASF/common/boards/user_board/init.o
 .debug_macro   0x00000000       0xcb src/ASF/common/boards/user_board/init.o
 .debug_macro   0x00000000       0x34 src/ASF/common/boards/user_board/init.o
 .debug_macro   0x00000000       0x18 src/ASF/common/boards/user_board/init.o
 .debug_macro   0x00000000       0x6c src/ASF/common/boards/user_board/init.o
 .debug_macro   0x00000000       0x22 src/ASF/common/boards/user_board/init.o
 .debug_macro   0x00000000      0x166 src/ASF/common/boards/user_board/init.o
 .debug_macro   0x00000000       0x1c src/ASF/common/boards/user_board/init.o
 .debug_macro   0x00000000       0x35 src/ASF/common/boards/user_board/init.o
 .debug_macro   0x00000000       0x66 src/ASF/common/boards/user_board/init.o
 .debug_macro   0x00000000      0x644 src/ASF/common/boards/user_board/init.o
 .debug_macro   0x00000000       0x44 src/ASF/common/boards/user_board/init.o
 .debug_macro   0x00000000       0x69 src/ASF/common/boards/user_board/init.o
 .debug_macro   0x00000000       0x2c src/ASF/common/boards/user_board/init.o
 .debug_macro   0x00000000       0x10 src/ASF/common/boards/user_board/init.o
 .debug_macro   0x00000000      0x175 src/ASF/common/boards/user_board/init.o
 .debug_macro   0x00000000       0x40 src/ASF/common/boards/user_board/init.o
 .debug_macro   0x00000000      0x100 src/ASF/common/boards/user_board/init.o
 .debug_macro   0x00000000      0x2a4 src/ASF/common/boards/user_board/init.o
 .debug_line    0x00000000      0x392 src/ASF/common/boards/user_board/init.o
 .debug_str     0x00000000    0x1103c src/ASF/common/boards/user_board/init.o
 .comment       0x00000000       0x31 src/ASF/common/boards/user_board/init.o
 .debug_frame   0x00000000       0x24 src/ASF/common/boards/user_board/init.o
 .text          0x00000000        0x0 e:/program files (x86)/atmel/studio/7.0/toolchain/avr8/avr8-gnu-toolchain/bin/../lib/gcc/avr/4.9.2/avr51\libgcc.a(_exit.o)
 .data          0x00000000        0x0 e:/program files (x86)/atmel/studio/7.0/toolchain/avr8/avr8-gnu-toolchain/bin/../lib/gcc/avr/4.9.2/avr51\libgcc.a(_exit.o)
 .bss           0x00000000        0x0 e:/program files (x86)/atmel/studio/7.0/toolchain/avr8/avr8-gnu-toolchain/bin/../lib/gcc/avr/4.9.2/avr51\libgcc.a(_exit.o)
 .text.libgcc.mul
                0x00000000        0x0 e:/program files (x86)/atmel/studio/7.0/toolchain/avr8/avr8-gnu-toolchain/bin/../lib/gcc/avr/4.9.2/avr51\libgcc.a(_exit.o)
 .text.libgcc.div
                0x00000000        0x0 e:/program files (x86)/atmel/studio/7.0/toolchain/avr8/avr8-gnu-toolchain/bin/../lib/gcc/avr/4.9.2/avr51\libgcc.a(_exit.o)
 .text.libgcc   0x00000000        0x0 e:/program files (x86)/atmel/studio/7.0/toolchain/avr8/avr8-gnu-toolchain/bin/../lib/gcc/avr/4.9.2/avr51\libgcc.a(_exit.o)
 .text.libgcc.prologue
                0x00000000        0x0 e:/program files (x86)/atmel/studio/7.0/toolchain/avr8/avr8-gnu-toolchain/bin/../lib/gcc/avr/4.9.2/avr51\libgcc.a(_exit.o)
 .text.libgcc.builtins
                0x00000000        0x0 e:/program files (x86)/atmel/studio/7.0/toolchain/avr8/avr8-gnu-toolchain/bin/../lib/gcc/avr/4.9.2/avr51\libgcc.a(_exit.o)
 .text.libgcc.fmul
                0x00000000        0x0 e:/program files (x86)/atmel/studio/7.0/toolchain/avr8/avr8-gnu-toolchain/bin/../lib/gcc/avr/4.9.2/avr51\libgcc.a(_exit.o)
 .text.libgcc.fixed
                0x00000000        0x0 e:/program files (x86)/atmel/studio/7.0/toolchain/avr8/avr8-gnu-toolchain/bin/../lib/gcc/avr/4.9.2/avr51\libgcc.a(_exit.o)
 .text          0x00000000        0x0 e:/program files (x86)/atmel/studio/7.0/toolchain/avr8/avr8-gnu-toolchain/bin/../lib/gcc/avr/4.9.2/avr51\libgcc.a(_copy_data.o)
 .data          0x00000000        0x0 e:/program files (x86)/atmel/studio/7.0/toolchain/avr8/avr8-gnu-toolchain/bin/../lib/gcc/avr/4.9.2/avr51\libgcc.a(_copy_data.o)
 .bss           0x00000000        0x0 e:/program files (x86)/atmel/studio/7.0/toolchain/avr8/avr8-gnu-toolchain/bin/../lib/gcc/avr/4.9.2/avr51\libgcc.a(_copy_data.o)
 .text.libgcc.mul
                0x00000000        0x0 e:/program files (x86)/atmel/studio/7.0/toolchain/avr8/avr8-gnu-toolchain/bin/../lib/gcc/avr/4.9.2/avr51\libgcc.a(_copy_data.o)
 .text.libgcc.div
                0x00000000        0x0 e:/program files (x86)/atmel/studio/7.0/toolchain/avr8/avr8-gnu-toolchain/bin/../lib/gcc/avr/4.9.2/avr51\libgcc.a(_copy_data.o)
 .text.libgcc   0x00000000        0x0 e:/program files (x86)/atmel/studio/7.0/toolchain/avr8/avr8-gnu-toolchain/bin/../lib/gcc/avr/4.9.2/avr51\libgcc.a(_copy_data.o)
 .text.libgcc.prologue
                0x00000000        0x0 e:/program files (x86)/atmel/studio/7.0/toolchain/avr8/avr8-gnu-toolchain/bin/../lib/gcc/avr/4.9.2/avr51\libgcc.a(_copy_data.o)
 .text.libgcc.builtins
                0x00000000        0x0 e:/program files (x86)/atmel/studio/7.0/toolchain/avr8/avr8-gnu-toolchain/bin/../lib/gcc/avr/4.9.2/avr51\libgcc.a(_copy_data.o)
 .text.libgcc.fmul
                0x00000000        0x0 e:/program files (x86)/atmel/studio/7.0/toolchain/avr8/avr8-gnu-toolchain/bin/../lib/gcc/avr/4.9.2/avr51\libgcc.a(_copy_data.o)
 .text.libgcc.fixed
                0x00000000        0x0 e:/program files (x86)/atmel/studio/7.0/toolchain/avr8/avr8-gnu-toolchain/bin/../lib/gcc/avr/4.9.2/avr51\libgcc.a(_copy_data.o)
 .text          0x00000000        0x0 e:/program files (x86)/atmel/studio/7.0/toolchain/avr8/avr8-gnu-toolchain/bin/../lib/gcc/avr/4.9.2/avr51\libgcc.a(_clear_bss.o)
 .data          0x00000000        0x0 e:/program files (x86)/atmel/studio/7.0/toolchain/avr8/avr8-gnu-toolchain/bin/../lib/gcc/avr/4.9.2/avr51\libgcc.a(_clear_bss.o)
 .bss           0x00000000        0x0 e:/program files (x86)/atmel/studio/7.0/toolchain/avr8/avr8-gnu-toolchain/bin/../lib/gcc/avr/4.9.2/avr51\libgcc.a(_clear_bss.o)
 .text.libgcc.mul
                0x00000000        0x0 e:/program files (x86)/atmel/studio/7.0/toolchain/avr8/avr8-gnu-toolchain/bin/../lib/gcc/avr/4.9.2/avr51\libgcc.a(_clear_bss.o)
 .text.libgcc.div
                0x00000000        0x0 e:/program files (x86)/atmel/studio/7.0/toolchain/avr8/avr8-gnu-toolchain/bin/../lib/gcc/avr/4.9.2/avr51\libgcc.a(_clear_bss.o)
 .text.libgcc   0x00000000        0x0 e:/program files (x86)/atmel/studio/7.0/toolchain/avr8/avr8-gnu-toolchain/bin/../lib/gcc/avr/4.9.2/avr51\libgcc.a(_clear_bss.o)
 .text.libgcc.prologue
                0x00000000        0x0 e:/program files (x86)/atmel/studio/7.0/toolchain/avr8/avr8-gnu-toolchain/bin/../lib/gcc/avr/4.9.2/avr51\libgcc.a(_clear_bss.o)
 .text.libgcc.builtins
                0x00000000        0x0 e:/program files (x86)/atmel/studio/7.0/toolchain/avr8/avr8-gnu-toolchain/bin/../lib/gcc/avr/4.9.2/avr51\libgcc.a(_clear_bss.o)
 .text.libgcc.fmul
                0x00000000        0x0 e:/program files (x86)/atmel/studio/7.0/toolchain/avr8/avr8-gnu-toolchain/bin/../lib/gcc/avr/4.9.2/avr51\libgcc.a(_clear_bss.o)
 .text.libgcc.fixed
                0x00000000        0x0 e:/program files (x86)/atmel/studio/7.0/toolchain/avr8/avr8-gnu-toolchain/bin/../lib/gcc/avr/4.9.2/avr51\libgcc.a(_clear_bss.o)
 .text          0x00000000        0x0 e:/program files (x86)/atmel/studio/7.0/toolchain/avr8/avr8-gnu-toolchain/bin/../lib/gcc/avr/4.9.2/../../../../avr/lib/avr51\libc.a(atoi.o)
 .data          0x00000000        0x0 e:/program files (x86)/atmel/studio/7.0/toolchain/avr8/avr8-gnu-toolchain/bin/../lib/gcc/avr/4.9.2/../../../../avr/lib/avr51\libc.a(atoi.o)
 .bss           0x00000000        0x0 e:/program files (x86)/atmel/studio/7.0/toolchain/avr8/avr8-gnu-toolchain/bin/../lib/gcc/avr/4.9.2/../../../../avr/lib/avr51\libc.a(atoi.o)
 .text          0x00000000        0x0 e:/program files (x86)/atmel/studio/7.0/toolchain/avr8/avr8-gnu-toolchain/bin/../lib/gcc/avr/4.9.2/../../../../avr/lib/avr51\libc.a(memcpy.o)
 .data          0x00000000        0x0 e:/program files (x86)/atmel/studio/7.0/toolchain/avr8/avr8-gnu-toolchain/bin/../lib/gcc/avr/4.9.2/../../../../avr/lib/avr51\libc.a(memcpy.o)
 .bss           0x00000000        0x0 e:/program files (x86)/atmel/studio/7.0/toolchain/avr8/avr8-gnu-toolchain/bin/../lib/gcc/avr/4.9.2/../../../../avr/lib/avr51\libc.a(memcpy.o)
 .text.avr-libc
                0x00000000       0x12 e:/program files (x86)/atmel/studio/7.0/toolchain/avr8/avr8-gnu-toolchain/bin/../lib/gcc/avr/4.9.2/../../../../avr/lib/avr51\libc.a(memcpy.o)
 .text          0x00000000        0x0 e:/program files (x86)/atmel/studio/7.0/toolchain/avr8/avr8-gnu-toolchain/bin/../lib/gcc/avr/4.9.2/../../../../avr/lib/avr51\libc.a(memset.o)
 .data          0x00000000        0x0 e:/program files (x86)/atmel/studio/7.0/toolchain/avr8/avr8-gnu-toolchain/bin/../lib/gcc/avr/4.9.2/../../../../avr/lib/avr51\libc.a(memset.o)
 .bss           0x00000000        0x0 e:/program files (x86)/atmel/studio/7.0/toolchain/avr8/avr8-gnu-toolchain/bin/../lib/gcc/avr/4.9.2/../../../../avr/lib/avr51\libc.a(memset.o)
 .text          0x00000000        0x0 e:/program files (x86)/atmel/studio/7.0/toolchain/avr8/avr8-gnu-toolchain/bin/../lib/gcc/avr/4.9.2/../../../../avr/lib/avr51\libc.a(strncpy.o)
 .data          0x00000000        0x0 e:/program files (x86)/atmel/studio/7.0/toolchain/avr8/avr8-gnu-toolchain/bin/../lib/gcc/avr/4.9.2/../../../../avr/lib/avr51\libc.a(strncpy.o)
 .bss           0x00000000        0x0 e:/program files (x86)/atmel/studio/7.0/toolchain/avr8/avr8-gnu-toolchain/bin/../lib/gcc/avr/4.9.2/../../../../avr/lib/avr51\libc.a(strncpy.o)
 .text          0x00000000        0x0 e:/program files (x86)/atmel/studio/7.0/toolchain/avr8/avr8-gnu-toolchain/bin/../lib/gcc/avr/4.9.2/../../../../avr/lib/avr51\libc.a(mul10.o)
 .data          0x00000000        0x0 e:/program files (x86)/atmel/studio/7.0/toolchain/avr8/avr8-gnu-toolchain/bin/../lib/gcc/avr/4.9.2/../../../../avr/lib/avr51\libc.a(mul10.o)
 .bss           0x00000000        0x0 e:/program files (x86)/atmel/studio/7.0/toolchain/avr8/avr8-gnu-toolchain/bin/../lib/gcc/avr/4.9.2/../../../../avr/lib/avr51\libc.a(mul10.o)
 .text          0x00000000        0x0 e:/program files (x86)/atmel/studio/7.0/toolchain/avr8/avr8-gnu-toolchain/bin/../lib/gcc/avr/4.9.2/../../../../avr/lib/avr51\libc.a(sprintf.o)
 .data          0x00000000        0x0 e:/program files (x86)/atmel/studio/7.0/toolchain/avr8/avr8-gnu-toolchain/bin/../lib/gcc/avr/4.9.2/../../../../avr/lib/avr51\libc.a(sprintf.o)
 .bss           0x00000000        0x0 e:/program files (x86)/atmel/studio/7.0/toolchain/avr8/avr8-gnu-toolchain/bin/../lib/gcc/avr/4.9.2/../../../../avr/lib/avr51\libc.a(sprintf.o)
 .text          0x00000000        0x0 e:/program files (x86)/atmel/studio/7.0/toolchain/avr8/avr8-gnu-toolchain/bin/../lib/gcc/avr/4.9.2/../../../../avr/lib/avr51\libc.a(vfprintf_std.o)
 .data          0x00000000        0x0 e:/program files (x86)/atmel/studio/7.0/toolchain/avr8/avr8-gnu-toolchain/bin/../lib/gcc/avr/4.9.2/../../../../avr/lib/avr51\libc.a(vfprintf_std.o)
 .bss           0x00000000        0x0 e:/program files (x86)/atmel/studio/7.0/toolchain/avr8/avr8-gnu-toolchain/bin/../lib/gcc/avr/4.9.2/../../../../avr/lib/avr51\libc.a(vfprintf_std.o)
 .text          0x00000000        0x0 e:/program files (x86)/atmel/studio/7.0/toolchain/avr8/avr8-gnu-toolchain/bin/../lib/gcc/avr/4.9.2/../../../../avr/lib/avr51\libc.a(strnlen_P.o)
 .data          0x00000000        0x0 e:/program files (x86)/atmel/studio/7.0/toolchain/avr8/avr8-gnu-toolchain/bin/../lib/gcc/avr/4.9.2/../../../../avr/lib/avr51\libc.a(strnlen_P.o)
 .bss           0x00000000        0x0 e:/program files (x86)/atmel/studio/7.0/toolchain/avr8/avr8-gnu-toolchain/bin/../lib/gcc/avr/4.9.2/../../../../avr/lib/avr51\libc.a(strnlen_P.o)
 .text          0x00000000        0x0 e:/program files (x86)/atmel/studio/7.0/toolchain/avr8/avr8-gnu-toolchain/bin/../lib/gcc/avr/4.9.2/../../../../avr/lib/avr51\libc.a(strnlen.o)
 .data          0x00000000        0x0 e:/program files (x86)/atmel/studio/7.0/toolchain/avr8/avr8-gnu-toolchain/bin/../lib/gcc/avr/4.9.2/../../../../avr/lib/avr51\libc.a(strnlen.o)
 .bss           0x00000000        0x0 e:/program files (x86)/atmel/studio/7.0/toolchain/avr8/avr8-gnu-toolchain/bin/../lib/gcc/avr/4.9.2/../../../../avr/lib/avr51\libc.a(strnlen.o)
 .text          0x00000000        0x0 e:/program files (x86)/atmel/studio/7.0/toolchain/avr8/avr8-gnu-toolchain/bin/../lib/gcc/avr/4.9.2/../../../../avr/lib/avr51\libc.a(fputc.o)
 .data          0x00000000        0x0 e:/program files (x86)/atmel/studio/7.0/toolchain/avr8/avr8-gnu-toolchain/bin/../lib/gcc/avr/4.9.2/../../../../avr/lib/avr51\libc.a(fputc.o)
 .bss           0x00000000        0x0 e:/program files (x86)/atmel/studio/7.0/toolchain/avr8/avr8-gnu-toolchain/bin/../lib/gcc/avr/4.9.2/../../../../avr/lib/avr51\libc.a(fputc.o)
 .text          0x00000000        0x0 e:/program files (x86)/atmel/studio/7.0/toolchain/avr8/avr8-gnu-toolchain/bin/../lib/gcc/avr/4.9.2/../../../../avr/lib/avr51\libc.a(ultoa_invert.o)
 .data          0x00000000        0x0 e:/program files (x86)/atmel/studio/7.0/toolchain/avr8/avr8-gnu-toolchain/bin/../lib/gcc/avr/4.9.2/../../../../avr/lib/avr51\libc.a(ultoa_invert.o)
 .bss           0x00000000        0x0 e:/program files (x86)/atmel/studio/7.0/toolchain/avr8/avr8-gnu-toolchain/bin/../lib/gcc/avr/4.9.2/../../../../avr/lib/avr51\libc.a(ultoa_invert.o)

Memory Configuration

Name             Origin             Length             Attributes
text             0x00000000         0x00020000         xr
data             0x00800100         0x0000ff00         rw !x
eeprom           0x00810000         0x00010000         rw !x
fuse             0x00820000         0x00000400         rw !x
lock             0x00830000         0x00000400         rw !x
signature        0x00840000         0x00000400         rw !x
user_signatures  0x00850000         0x00000400         rw !x
*default*        0x00000000         0xffffffff

Linker script and memory map

Address of section .data set to 0x800100
LOAD E:/Program Files (x86)/Atmel/Studio/7.0/Packs/atmel/ATmega_DFP/1.0.106/gcc/dev/atmega1284/avr51/crtatmega1284.o
LOAD croutine.o
LOAD heap_1.o
LOAD list.o
LOAD main.o
LOAD tasks.o
LOAD timers.o
LOAD port.o
LOAD queue.o
LOAD src/ASF/common/boards/user_board/init.o
START GROUP
LOAD e:/program files (x86)/atmel/studio/7.0/toolchain/avr8/avr8-gnu-toolchain/bin/../lib/gcc/avr/4.9.2/../../../../avr/lib/avr51\libm.a
END GROUP
START GROUP
LOAD e:/program files (x86)/atmel/studio/7.0/toolchain/avr8/avr8-gnu-toolchain/bin/../lib/gcc/avr/4.9.2/avr51\libgcc.a
LOAD e:/program files (x86)/atmel/studio/7.0/toolchain/avr8/avr8-gnu-toolchain/bin/../lib/gcc/avr/4.9.2/../../../../avr/lib/avr51\libm.a
LOAD e:/program files (x86)/atmel/studio/7.0/toolchain/avr8/avr8-gnu-toolchain/bin/../lib/gcc/avr/4.9.2/../../../../avr/lib/avr51\libc.a
LOAD E:/Program Files (x86)/Atmel/Studio/7.0/Packs/atmel/ATmega_DFP/1.0.106/gcc/dev/atmega1284/avr51\libatmega1284.a
END GROUP
                0x00020000                __TEXT_REGION_LENGTH__ = DEFINED (__TEXT_REGION_LENGTH__)?__TEXT_REGION_LENGTH__:0x20000
                0x0000ff00                __DATA_REGION_LENGTH__ = DEFINED (__DATA_REGION_LENGTH__)?__DATA_REGION_LENGTH__:0xff00
                0x00010000                __EEPROM_REGION_LENGTH__ = DEFINED (__EEPROM_REGION_LENGTH__)?__EEPROM_REGION_LENGTH__:0x10000
                0x00000400                __FUSE_REGION_LENGTH__ = DEFINED (__FUSE_REGION_LENGTH__)?__FUSE_REGION_LENGTH__:0x400
                0x00000400                __LOCK_REGION_LENGTH__ = DEFINED (__LOCK_REGION_LENGTH__)?__LOCK_REGION_LENGTH__:0x400
                0x00000400                __SIGNATURE_REGION_LENGTH__ = DEFINED (__SIGNATURE_REGION_LENGTH__)?__SIGNATURE_REGION_LENGTH__:0x400
                0x00000400                __USER_SIGNATURE_REGION_LENGTH__ = DEFINED (__USER_SIGNATURE_REGION_LENGTH__)?__USER_SIGNATURE_REGION_LENGTH__:0x400

.hash
 *(.hash)

.dynsym
 *(.dynsym)

.dynstr
 *(.dynstr)

.gnu.version
 *(.gnu.version)

.gnu.version_d
 *(.gnu.version_d)

.gnu.version_r
 *(.gnu.version_r)

.rel.init
 *(.rel.init)

.rela.init
 *(.rela.init)

.rel.text
 *(.rel.text)
 *(.rel.text.*)
 *(.rel.gnu.linkonce.t*)

.rela.text
 *(.rela.text)
 *(.rela.text.*)
 *(.rela.gnu.linkonce.t*)

.rel.fini
 *(.rel.fini)

.rela.fini
 *(.rela.fini)

.rel.rodata
 *(.rel.rodata)
 *(.rel.rodata.*)
 *(.rel.gnu.linkonce.r*)

.rela.rodata
 *(.rela.rodata)
 *(.rela.rodata.*)
 *(.rela.gnu.linkonce.r*)

.rel.data
 *(.rel.data)
 *(.rel.data.*)
 *(.rel.gnu.linkonce.d*)

.rela.data
 *(.rela.data)
 *(.rela.data.*)
 *(.rela.gnu.linkonce.d*)

.rel.ctors
 *(.rel.ctors)

.rela.ctors
 *(.rela.ctors)

.rel.dtors
 *(.rel.dtors)

.rela.dtors
 *(.rela.dtors)

.rel.got
 *(.rel.got)

.rela.got
 *(.rela.got)

.rel.bss
 *(.rel.bss)

.rela.bss
 *(.rela.bss)

.rel.plt
 *(.rel.plt)

.rela.plt
 *(.rela.plt)

.text           0x00000000     0x180e
 *(.vectors)
 .vectors       0x00000000       0x8c E:/Program Files (x86)/Atmel/Studio/7.0/Packs/atmel/ATmega_DFP/1.0.106/gcc/dev/atmega1284/avr51/crtatmega1284.o
                0x00000000                __vector_default
                0x00000000                __vectors
 *(.vectors)
 *(.progmem.gcc*)
                0x0000008c                . = ALIGN (0x2)
                0x0000008c                __trampolines_start = .
 *(.trampolines)
 .trampolines   0x0000008c        0x0 linker stubs
 *(.trampolines*)
                0x0000008c                __trampolines_end = .
 *libprintf_flt.a:*(.progmem.data)
 *libc.a:*(.progmem.data)
 *(.progmem*)
                0x0000008c                . = ALIGN (0x2)
 *(.jumptables)
 *(.jumptables*)
 *(.lowtext)
 *(.lowtext*)
                0x0000008c                __ctors_start = .
 *(.ctors)
                0x0000008c                __ctors_end = .
                0x0000008c                __dtors_start = .
 *(.dtors)
                0x0000008c                __dtors_end = .
 SORT(*)(.ctors)
 SORT(*)(.dtors)
 *(.init0)
 .init0         0x0000008c        0x0 E:/Program Files (x86)/Atmel/Studio/7.0/Packs/atmel/ATmega_DFP/1.0.106/gcc/dev/atmega1284/avr51/crtatmega1284.o
                0x0000008c                __init
 *(.init0)
 *(.init1)
 *(.init1)
 *(.init2)
 .init2         0x0000008c        0xc E:/Program Files (x86)/Atmel/Studio/7.0/Packs/atmel/ATmega_DFP/1.0.106/gcc/dev/atmega1284/avr51/crtatmega1284.o
 *(.init2)
 *(.init3)
 *(.init3)
 *(.init4)
 .init4         0x00000098       0x1a e:/program files (x86)/atmel/studio/7.0/toolchain/avr8/avr8-gnu-toolchain/bin/../lib/gcc/avr/4.9.2/avr51\libgcc.a(_copy_data.o)
                0x00000098                __do_copy_data
 .init4         0x000000b2       0x10 e:/program files (x86)/atmel/studio/7.0/toolchain/avr8/avr8-gnu-toolchain/bin/../lib/gcc/avr/4.9.2/avr51\libgcc.a(_clear_bss.o)
                0x000000b2                __do_clear_bss
 *(.init4)
 *(.init5)
 *(.init5)
 *(.init6)
 *(.init6)
 *(.init7)
 *(.init7)
 *(.init8)
 *(.init8)
 *(.init9)
 .init9         0x000000c2        0x6 E:/Program Files (x86)/Atmel/Studio/7.0/Packs/atmel/ATmega_DFP/1.0.106/gcc/dev/atmega1284/avr51/crtatmega1284.o
 *(.init9)
 *(.text)
 .text          0x000000c8        0x2 E:/Program Files (x86)/Atmel/Studio/7.0/Packs/atmel/ATmega_DFP/1.0.106/gcc/dev/atmega1284/avr51/crtatmega1284.o
                0x000000c8                __vector_22
                0x000000c8                __vector_28
                0x000000c8                __vector_1
                0x000000c8                __vector_32
                0x000000c8                __vector_34
                0x000000c8                __vector_24
                0x000000c8                __vector_12
                0x000000c8                __bad_interrupt
                0x000000c8                __vector_6
                0x000000c8                __vector_31
                0x000000c8                __vector_3
                0x000000c8                __vector_23
                0x000000c8                __vector_30
                0x000000c8                __vector_25
                0x000000c8                __vector_11
                0x000000c8                __vector_17
                0x000000c8                __vector_19
                0x000000c8                __vector_7
                0x000000c8                __vector_27
                0x000000c8                __vector_5
                0x000000c8                __vector_33
                0x000000c8                __vector_4
                0x000000c8                __vector_9
                0x000000c8                __vector_2
                0x000000c8                __vector_21
                0x000000c8                __vector_15
                0x000000c8                __vector_29
                0x000000c8                __vector_8
                0x000000c8                __vector_26
                0x000000c8                __vector_14
                0x000000c8                __vector_10
                0x000000c8                __vector_16
                0x000000c8                __vector_18
                0x000000c8                __vector_20
                0x000000ca                . = ALIGN (0x2)
 *(.text.*)
 .text.pvPortMalloc
                0x000000ca       0x48 heap_1.o
                0x000000ca                pvPortMalloc
 .text.vPortFree
                0x00000112        0x2 heap_1.o
                0x00000112                vPortFree
 .text.vListInitialise
                0x00000114       0x1c list.o
                0x00000114                vListInitialise
 .text.vListInitialiseItem
                0x00000130        0x8 list.o
                0x00000130                vListInitialiseItem
 .text.vListInsertEnd
                0x00000138       0x4e list.o
                0x00000138                vListInsertEnd
 .text.vListInsert
                0x00000186       0x76 list.o
                0x00000186                vListInsert
 .text.vListRemove
                0x000001fc       0x4c list.o
                0x000001fc                vListRemove
 .text.delay_ms
                0x00000248       0x2a main.o
                0x00000248                delay_ms
 .text.LCD_WriteCommand
                0x00000272       0x12 main.o
                0x00000272                LCD_WriteCommand
 .text.LCD_ClearScreen
                0x00000284        0x6 main.o
                0x00000284                LCD_ClearScreen
 .text.LCD_init
                0x0000028a       0x1e main.o
                0x0000028a                LCD_init
 .text.LCD_WriteData
                0x000002a8       0x12 main.o
                0x000002a8                LCD_WriteData
 .text.LCD_Cursor
                0x000002ba       0x10 main.o
                0x000002ba                LCD_Cursor
 .text.LCD_WriteString
                0x000002ca       0x2a main.o
                0x000002ca                LCD_WriteString
 .text.Button_Init
                0x000002f4        0xc main.o
                0x000002f4                Button_Init
 .text.Button_Tick
                0x00000300       0xbc main.o
                0x00000300                Button_Tick
 .text.ButtonSecTask
                0x000003bc       0x10 main.o
                0x000003bc                ButtonSecTask
 .text.initUSART
                0x000003cc       0x48 main.o
                0x000003cc                initUSART
 .text.USART_HasReceived
                0x00000414       0x14 main.o
                0x00000414                USART_HasReceived
 .text.USART_Flush
                0x00000428       0x42 main.o
                0x00000428                USART_Flush
 .text.USART_Send
                0x0000046a       0x24 main.o
                0x0000046a                USART_Send
 .text.USART_Receive
                0x0000048e       0x24 main.o
                0x0000048e                USART_Receive
 .text.rf_receive
                0x000004b2       0x82 main.o
                0x000004b2                rf_receive
 .text.Clock_Init
                0x00000534        0x6 main.o
                0x00000534                Clock_Init
 .text.Clock_Tick
                0x0000053a       0x42 main.o
                0x0000053a                Clock_Tick
 .text.ClockSecTask
                0x0000057c        0xc main.o
                0x0000057c                ClockSecTask
 .text.ClockPrint_Tick
                0x00000588       0x50 main.o
                0x00000588                ClockPrint_Tick
 .text.ClockPrintSecTask
                0x000005d8        0xa main.o
                0x000005d8                ClockPrintSecTask
 .text.Demo_Init
                0x000005e2        0xe main.o
                0x000005e2                Demo_Init
 .text.Demo_Tick
                0x000005f0      0x1a4 main.o
                0x000005f0                Demo_Tick
 .text.DemoSecTask
                0x00000794        0xc main.o
                0x00000794                DemoSecTask
 .text.Backlight_Tick
                0x000007a0       0x56 main.o
                0x000007a0                Backlight_Tick
 .text.BacklightSecTask
                0x000007f6        0xa main.o
                0x000007f6                BacklightSecTask
 .text.StartSecPulse
                0x00000800       0x8a main.o
                0x00000800                StartSecPulse
 .text.main     0x0000088a       0x1a main.o
                0x0000088a                main
 .text.prvAddCurrentTaskToDelayedList
                0x000008a4       0x6a tasks.o
 .text.xTaskGenericCreate
                0x0000090e      0x1e6 tasks.o
                0x0000090e                xTaskGenericCreate
 .text.vTaskStartScheduler
                0x00000af4       0x52 tasks.o
                0x00000af4                vTaskStartScheduler
 .text.vTaskSuspendAll
                0x00000b46        0xc tasks.o
                0x00000b46                vTaskSuspendAll
 .text.vTaskIncrementTick
                0x00000b52      0x182 tasks.o
                0x00000b52                vTaskIncrementTick
 .text.xTaskResumeAll
                0x00000cd4      0x102 tasks.o
                0x00000cd4                xTaskResumeAll
 .text.vTaskDelay
                0x00000dd6       0x36 tasks.o
                0x00000dd6                vTaskDelay
 .text.prvIdleTask
                0x00000e0c       0x6c tasks.o
 .text.vTaskSwitchContext
                0x00000e78       0xd8 tasks.o
                0x00000e78                vTaskSwitchContext
 .text.pxPortInitialiseStack
                0x00000f50       0xd8 port.o
                0x00000f50                pxPortInitialiseStack
 .text.xPortStartScheduler
                0x00001028       0x74 port.o
                0x00001028                xPortStartScheduler
 .text.vPortYield
                0x0000109c       0xb0 port.o
                0x0000109c                vPortYield
 .text.vPortYieldFromTick
                0x0000114c       0xb2 port.o
                0x0000114c                vPortYieldFromTick
 .text.__vector_13
                0x000011fe        0x4 port.o
                0x000011fe                __vector_13
 .text.avr-libc
                0x00001202       0x3a e:/program files (x86)/atmel/studio/7.0/toolchain/avr8/avr8-gnu-toolchain/bin/../lib/gcc/avr/4.9.2/../../../../avr/lib/avr51\libc.a(atoi.o)
                0x00001202                atoi
 .text.avr-libc
                0x0000123c        0xe e:/program files (x86)/atmel/studio/7.0/toolchain/avr8/avr8-gnu-toolchain/bin/../lib/gcc/avr/4.9.2/../../../../avr/lib/avr51\libc.a(memset.o)
                0x0000123c                memset
 .text.avr-libc
                0x0000124a       0x1e e:/program files (x86)/atmel/studio/7.0/toolchain/avr8/avr8-gnu-toolchain/bin/../lib/gcc/avr/4.9.2/../../../../avr/lib/avr51\libc.a(strncpy.o)
                0x0000124a                strncpy
 .text.avr-libc
                0x00001268       0x10 e:/program files (x86)/atmel/studio/7.0/toolchain/avr8/avr8-gnu-toolchain/bin/../lib/gcc/avr/4.9.2/../../../../avr/lib/avr51\libc.a(mul10.o)
                0x00001268                __mulhi_const_10
 .text.avr-libc
                0x00001278       0x5e e:/program files (x86)/atmel/studio/7.0/toolchain/avr8/avr8-gnu-toolchain/bin/../lib/gcc/avr/4.9.2/../../../../avr/lib/avr51\libc.a(sprintf.o)
                0x00001278                sprintf
 .text.avr-libc
                0x000012d6      0x3dc e:/program files (x86)/atmel/studio/7.0/toolchain/avr8/avr8-gnu-toolchain/bin/../lib/gcc/avr/4.9.2/../../../../avr/lib/avr51\libc.a(vfprintf_std.o)
                0x000012d6                vfprintf
 .text.avr-libc
                0x000016b2       0x16 e:/program files (x86)/atmel/studio/7.0/toolchain/avr8/avr8-gnu-toolchain/bin/../lib/gcc/avr/4.9.2/../../../../avr/lib/avr51\libc.a(strnlen_P.o)
                0x000016b2                strnlen_P
 .text.avr-libc
                0x000016c8       0x16 e:/program files (x86)/atmel/studio/7.0/toolchain/avr8/avr8-gnu-toolchain/bin/../lib/gcc/avr/4.9.2/../../../../avr/lib/avr51\libc.a(strnlen.o)
                0x000016c8                strnlen
 .text.avr-libc
                0x000016de       0x70 e:/program files (x86)/atmel/studio/7.0/toolchain/avr8/avr8-gnu-toolchain/bin/../lib/gcc/avr/4.9.2/../../../../avr/lib/avr51\libc.a(fputc.o)
                0x000016de                fputc
 .text.avr-libc
                0x0000174e       0xbc e:/program files (x86)/atmel/studio/7.0/toolchain/avr8/avr8-gnu-toolchain/bin/../lib/gcc/avr/4.9.2/../../../../avr/lib/avr51\libc.a(ultoa_invert.o)
                0x0000174e                __ultoa_invert
                0x0000180a                . = ALIGN (0x2)
 *(.fini9)
 .fini9         0x0000180a        0x0 e:/program files (x86)/atmel/studio/7.0/toolchain/avr8/avr8-gnu-toolchain/bin/../lib/gcc/avr/4.9.2/avr51\libgcc.a(_exit.o)
                0x0000180a                _exit
                0x0000180a                exit
 *(.fini9)
 *(.fini8)
 *(.fini8)
 *(.fini7)
 *(.fini7)
 *(.fini6)
 *(.fini6)
 *(.fini5)
 *(.fini5)
 *(.fini4)
 *(.fini4)
 *(.fini3)
 *(.fini3)
 *(.fini2)
 *(.fini2)
 *(.fini1)
 *(.fini1)
 *(.fini0)
 .fini0         0x0000180a        0x4 e:/program files (x86)/atmel/studio/7.0/toolchain/avr8/avr8-gnu-toolchain/bin/../lib/gcc/avr/4.9.2/avr51\libgcc.a(_exit.o)
 *(.fini0)
                0x0000180e                _etext = .

.data           0x00800100       0x6a load address 0x0000180e
                0x00800100                PROVIDE (__data_start, .)
 *(.data)
 *(.data*)
 .data.xNextTaskUnblockTime
                0x00800100        0x2 tasks.o
 *(.rodata)
 *(.rodata*)
 .rodata.str1.1
                0x00800102       0x62 main.o
 .rodata.str1.1
                0x00800164        0x5 tasks.o
 *(.gnu.linkonce.d*)
                0x0080016a                . = ALIGN (0x2)
 *fill*         0x00800169        0x1 
                0x0080016a                _edata = .
                0x0080016a                PROVIDE (__data_end, .)

.bss            0x0080016a      0x64f
                0x0080016a                PROVIDE (__bss_start, .)
 *(.bss)
 *(.bss*)
 .bss.xNextFreeByte
                0x0080016a        0x2 heap_1.o
 .bss.xHeap     0x0080016c      0x5dc heap_1.o
 .bss.dummy.2572
                0x00800748        0x1 main.o
 .bss.backlightTimer
                0x00800749        0x2 main.o
                0x00800749                backlightTimer
 .bss.code_received
                0x0080074b        0x1 main.o
                0x0080074b                code_received
 .bss.clkLCDEnable
                0x0080074c        0x1 main.o
                0x0080074c                clkLCDEnable
 .bss.hour      0x0080074d        0x1 main.o
                0x0080074d                hour
 .bss.min       0x0080074e        0x1 main.o
                0x0080074e                min
 .bss.sec       0x0080074f        0x1 main.o
                0x0080074f                sec
 .bss.but_i     0x00800750        0x1 main.o
                0x00800750                but_i
 .bss.uxTaskNumber
                0x00800751        0x1 tasks.o
 .bss.xNumOfOverflows
                0x00800752        0x1 tasks.o
 .bss.xMissedYield
                0x00800753        0x1 tasks.o
 .bss.uxMissedTicks
                0x00800754        0x1 tasks.o
 .bss.uxSchedulerSuspended
                0x00800755        0x1 tasks.o
 .bss.xSchedulerRunning
                0x00800756        0x1 tasks.o
 .bss.uxTopReadyPriority
                0x00800757        0x1 tasks.o
 .bss.uxTopUsedPriority
                0x00800758        0x1 tasks.o
 .bss.xTickCount
                0x00800759        0x2 tasks.o
 .bss.uxCurrentNumberOfTasks
                0x0080075b        0x1 tasks.o
 .bss.uxTasksDeleted
                0x0080075c        0x1 tasks.o
 .bss.xTasksWaitingTermination
                0x0080075d        0x9 tasks.o
 .bss.xPendingReadyList
                0x00800766        0x9 tasks.o
 .bss.pxOverflowDelayedTaskList
                0x0080076f        0x2 tasks.o
 .bss.pxDelayedTaskList
                0x00800771        0x2 tasks.o
 .bss.xDelayedTaskList2
                0x00800773        0x9 tasks.o
 .bss.xDelayedTaskList1
                0x0080077c        0x9 tasks.o
 .bss.pxReadyTasksLists
                0x00800785       0x24 tasks.o
 .bss.pxCurrentTCB
                0x008007a9        0x2 tasks.o
                0x008007a9                pxCurrentTCB
 *(COMMON)
 COMMON         0x008007ab        0xe main.o
                0x008007ab                trns_i
                0x008007ac                button
                0x008007ad                button_state
                0x008007ae                timeDisplay
                0x008007b8                code_mode
                0x008007b9                PROVIDE (__bss_end, .)
                0x0000180e                __data_load_start = LOADADDR (.data)
                0x00001878                __data_load_end = (__data_load_start + SIZEOF (.data))

.noinit         0x008007b9        0x0
                [!provide]                PROVIDE (__noinit_start, .)
 *(.noinit*)
                [!provide]                PROVIDE (__noinit_end, .)
                0x008007b9                _end = .
                [!provide]                PROVIDE (__heap_start, .)

.eeprom         0x00810000        0x0
 *(.eeprom*)
                0x00810000                __eeprom_end = .

.fuse
 *(.fuse)
 *(.lfuse)
 *(.hfuse)
 *(.efuse)

.lock
 *(.lock*)

.signature
 *(.signature*)

.user_signatures
 *(.user_signatures*)

.stab
 *(.stab)

.stabstr
 *(.stabstr)

.stab.excl
 *(.stab.excl)

.stab.exclstr
 *(.stab.exclstr)

.stab.index
 *(.stab.index)

.stab.indexstr
 *(.stab.indexstr)

.comment        0x00000000       0x5c
 *(.comment)
 .comment       0x00000000       0x30 heap_1.o
                                 0x31 (size before relaxing)
 .comment       0x00000030       0x31 list.o
 .comment       0x00000030       0x31 main.o
 .comment       0x00000030       0x31 tasks.o
 .comment       0x00000030       0x31 port.o
 .comment       0x00000030       0x31 e:/program files (x86)/atmel/studio/7.0/toolchain/avr8/avr8-gnu-toolchain/bin/../lib/gcc/avr/4.9.2/../../../../avr/lib/avr51\libc.a(sprintf.o)
 .comment       0x00000030       0x2c e:/program files (x86)/atmel/studio/7.0/toolchain/avr8/avr8-gnu-toolchain/bin/../lib/gcc/avr/4.9.2/../../../../avr/lib/avr51\libc.a(vfprintf_std.o)
                                 0x2d (size before relaxing)
 .comment       0x0000005c       0x31 e:/program files (x86)/atmel/studio/7.0/toolchain/avr8/avr8-gnu-toolchain/bin/../lib/gcc/avr/4.9.2/../../../../avr/lib/avr51\libc.a(fputc.o)

.note.gnu.avr.deviceinfo
                0x00000000       0x40
 .note.gnu.avr.deviceinfo
                0x00000000       0x40 E:/Program Files (x86)/Atmel/Studio/7.0/Packs/atmel/ATmega_DFP/1.0.106/gcc/dev/atmega1284/avr51/crtatmega1284.o

.note.gnu.build-id
 *(.note.gnu.build-id)

.debug
 *(.debug)

.line
 *(.line)

.debug_srcinfo
 *(.debug_srcinfo)

.debug_sfnames
 *(.debug_sfnames)

.debug_aranges  0x00000000      0x2a8
 *(.debug_aranges)
 .debug_aranges
                0x00000000       0x38 heap_1.o
 .debug_aranges
                0x00000038       0x40 list.o
 .debug_aranges
                0x00000078      0x130 main.o
 .debug_aranges
                0x000001a8       0xb8 tasks.o
 .debug_aranges
                0x00000260       0x48 port.o

.debug_pubnames
 *(.debug_pubnames)

.debug_info     0x00000000     0x29ee
 *(.debug_info .gnu.linkonce.wi.*)
 .debug_info    0x00000000      0x1a9 heap_1.o
 .debug_info    0x000001a9      0x2c5 list.o
 .debug_info    0x0000046e     0x115b main.o
 .debug_info    0x000015c9     0x11e9 tasks.o
 .debug_info    0x000027b2      0x23c port.o

.debug_abbrev   0x00000000      0x95c
 *(.debug_abbrev)
 .debug_abbrev  0x00000000      0x14b heap_1.o
 .debug_abbrev  0x0000014b       0xf9 list.o
 .debug_abbrev  0x00000244      0x2bb main.o
 .debug_abbrev  0x000004ff      0x306 tasks.o
 .debug_abbrev  0x00000805      0x157 port.o

.debug_line     0x00000000     0x25b8
 *(.debug_line .debug_line.* .debug_line_end)
 .debug_line    0x00000000      0x3c1 heap_1.o
 .debug_line    0x000003c1      0x450 list.o
 .debug_line    0x00000811      0xe16 main.o
 .debug_line    0x00001627      0xa79 tasks.o
 .debug_line    0x000020a0      0x518 port.o

.debug_frame    0x00000000      0x6c0
 *(.debug_frame)
 .debug_frame   0x00000000       0x60 heap_1.o
 .debug_frame   0x00000060       0x7c list.o
 .debug_frame   0x000000dc      0x300 main.o
 .debug_frame   0x000003dc      0x270 tasks.o
 .debug_frame   0x0000064c       0x74 port.o

.debug_str      0x00000000     0xe492
 *(.debug_str)
 .debug_str     0x00000000     0x898e heap_1.o
                               0x8abb (size before relaxing)
 .debug_str     0x0000898e      0x137 list.o
                               0x87b1 (size before relaxing)
 .debug_str     0x00008ac5     0x414a main.o
                               0xcbad (size before relaxing)
 .debug_str     0x0000cc0f      0xff8 tasks.o
                               0xa20f (size before relaxing)
 .debug_str     0x0000dc07      0x88b port.o
                               0x9655 (size before relaxing)

.debug_loc      0x00000000     0x1a93
 *(.debug_loc)
 .debug_loc     0x00000000       0xf1 heap_1.o
 .debug_loc     0x000000f1       0xfe list.o
 .debug_loc     0x000001ef      0x924 main.o
 .debug_loc     0x00000b13      0xcd4 tasks.o
 .debug_loc     0x000017e7      0x2ac port.o

.debug_macinfo
 *(.debug_macinfo)

.debug_weaknames
 *(.debug_weaknames)

.debug_funcnames
 *(.debug_funcnames)

.debug_typenames
 *(.debug_typenames)

.debug_varnames
 *(.debug_varnames)

.debug_pubtypes
 *(.debug_pubtypes)

.debug_ranges   0x00000000      0x2a0
 *(.debug_ranges)
 .debug_ranges  0x00000000       0x28 heap_1.o
 .debug_ranges  0x00000028       0x30 list.o
 .debug_ranges  0x00000058      0x120 main.o
 .debug_ranges  0x00000178       0xf0 tasks.o
 .debug_ranges  0x00000268       0x38 port.o

.debug_macro    0x00000000     0x1509
 *(.debug_macro)
 .debug_macro   0x00000000      0x115 heap_1.o
 .debug_macro   0x00000115       0x1c heap_1.o
 .debug_macro   0x00000131      0x10e heap_1.o
 .debug_macro   0x0000023f       0x66 heap_1.o
 .debug_macro   0x000002a5       0x7f heap_1.o
 .debug_macro   0x00000324       0xfa list.o
 .debug_macro   0x0000041e      0x1bc main.o
 .debug_macro   0x000005da      0x302 main.o
 .debug_macro   0x000008dc       0x58 main.o
 .debug_macro   0x00000934       0x10 main.o
 .debug_macro   0x00000944       0x20 main.o
 .debug_macro   0x00000964       0xf2 main.o
 .debug_macro   0x00000a56       0x22 main.o
 .debug_macro   0x00000a78       0x16 main.o
 .debug_macro   0x00000a8e      0x160 main.o
 .debug_macro   0x00000bee       0xaa main.o
 .debug_macro   0x00000c98       0x69 main.o
 .debug_macro   0x00000d01       0x33 main.o
 .debug_macro   0x00000d34       0x10 main.o
 .debug_macro   0x00000d44       0x35 main.o
 .debug_macro   0x00000d79      0x175 main.o
 .debug_macro   0x00000eee       0x8e main.o
 .debug_macro   0x00000f7c       0x46 main.o
 .debug_macro   0x00000fc2       0x2e main.o
 .debug_macro   0x00000ff0       0x16 main.o
 .debug_macro   0x00001006       0x1c main.o
 .debug_macro   0x00001022      0x1a8 tasks.o
 .debug_macro   0x000011ca       0x97 tasks.o
 .debug_macro   0x00001261       0x97 tasks.o
 .debug_macro   0x000012f8       0x5b tasks.o
 .debug_macro   0x00001353       0x16 tasks.o
 .debug_macro   0x00001369      0x13d port.o
 .debug_macro   0x000014a6       0x63 port.o
OUTPUT(Lab1.elf elf32-avr)
LOAD linker stubs
